fsl_clock.h:539:20:CLOCK_SetInternalRefClkConfig	16	static
fsl_clock.c:100:17:CLOCK_GetICSExtClkFreq	8	static
fsl_clock.c:107:17:CLOCK_GetFllExtRefClkFreq	16	static
fsl_clock.c:153:17:CLOCK_GetFllRefClkFreq	16	static
fsl_clock.c:171:16:CLOCK_GetOscRangeFromFreq	24	static
fsl_clock.c:195:10:CLOCK_GetOsc0ErClkFreq	16	static
fsl_clock.c:218:10:CLOCK_GetFlashClkFreq	16	static
fsl_clock.c:232:10:CLOCK_GetBusClkFreq	8	static
fsl_clock.c:242:10:CLOCK_GetCoreSysClkFreq	8	static
fsl_clock.c:257:10:CLOCK_GetFreq	24	static
fsl_clock.c:308:6:CLOCK_SetSimConfig	16	static
fsl_clock.c:324:10:CLOCK_GetICSOutClkFreq	16	static
fsl_clock.c:357:10:CLOCK_GetFllFreq	16	static
fsl_clock.c:383:10:CLOCK_GetInternalRefClkFreq	16	static
fsl_clock.c:408:10:CLOCK_GetICSFixedFreqClkFreq	24	static
fsl_clock.c:435:6:CLOCK_InitOsc0	32	static
fsl_clock.c:456:6:CLOCK_DeinitOsc0	8	static
fsl_clock.c:468:12:CLOCK_GetMode	16	static
fsl_clock.c:552:10:CLOCK_SetFeiMode	16	static
fsl_clock.c:602:10:CLOCK_SetFeeMode	16	static
fsl_clock.c:661:10:CLOCK_SetFbiMode	16	static
fsl_clock.c:708:10:CLOCK_SetFbeMode	16	static
fsl_clock.c:764:10:CLOCK_SetBilpMode	16	static
fsl_clock.c:789:10:CLOCK_SetBelpMode	16	static
fsl_clock.c:815:10:CLOCK_BootToFeiMode	16	static
fsl_clock.c:832:10:CLOCK_BootToFeeMode	16	static
fsl_clock.c:847:10:CLOCK_BootToBilpMode	16	static
fsl_clock.c:871:10:CLOCK_BootToBelpMode	16	static
fsl_clock.c:932:10:CLOCK_SetIcsConfig	32	static
