startup_mke02z4.c:234:6:data_init	8	static
startup_mke02z4.c:243:6:bss_init	0	static
startup_mke02z4.c:268:6:ResetISR	8	static
startup_mke02z4.c:361:14:NMI_Handler	0	static
startup_mke02z4.c:365:14:HardFault_Handler	0	static
startup_mke02z4.c:369:14:SVC_Handler	0	static
startup_mke02z4.c:373:14:PendSV_Handler	0	static
startup_mke02z4.c:377:14:SysTick_Handler	0	static
startup_mke02z4.c:385:14:IntDefaultHandler	0	static
startup_mke02z4.c:395:14:Reserved16_IRQHandler	8	static
startup_mke02z4.c:399:14:Reserved17_IRQHandler	8	static
startup_mke02z4.c:403:14:Reserved18_IRQHandler	8	static
startup_mke02z4.c:407:14:Reserved19_IRQHandler	8	static
startup_mke02z4.c:411:14:Reserved20_IRQHandler	8	static
startup_mke02z4.c:415:14:FTMRH_IRQHandler	8	static
startup_mke02z4.c:419:14:PMC_IRQHandler	8	static
startup_mke02z4.c:423:14:IRQ_IRQHandler	8	static
startup_mke02z4.c:427:14:I2C0_IRQHandler	8	static
startup_mke02z4.c:431:14:Reserved25_IRQHandler	8	static
startup_mke02z4.c:435:14:SPI0_IRQHandler	8	static
startup_mke02z4.c:439:14:SPI1_IRQHandler	8	static
startup_mke02z4.c:443:14:UART0_IRQHandler	8	static
startup_mke02z4.c:447:14:UART1_IRQHandler	8	static
startup_mke02z4.c:451:14:UART2_IRQHandler	8	static
startup_mke02z4.c:455:14:ADC_IRQHandler	8	static
startup_mke02z4.c:459:14:ACMP0_IRQHandler	8	static
startup_mke02z4.c:463:14:FTM0_IRQHandler	8	static
startup_mke02z4.c:467:14:FTM1_IRQHandler	8	static
startup_mke02z4.c:471:14:FTM2_IRQHandler	8	static
startup_mke02z4.c:475:14:RTC_IRQHandler	8	static
startup_mke02z4.c:479:14:ACMP1_IRQHandler	8	static
startup_mke02z4.c:483:14:PIT_CH0_IRQHandler	8	static
startup_mke02z4.c:487:14:PIT_CH1_IRQHandler	8	static
startup_mke02z4.c:491:14:KBI0_IRQHandler	8	static
startup_mke02z4.c:495:14:KBI1_IRQHandler	8	static
startup_mke02z4.c:499:14:Reserved42_IRQHandler	8	static
startup_mke02z4.c:503:14:ICS_IRQHandler	8	static
startup_mke02z4.c:507:14:WDOG_IRQHandler	8	static
