Archive member included to satisfy reference by file (symbol)

c:/softwares/mcuxpressoide/ide/plugins/com.nxp.mcuxpresso.tools.win32_11.1.0.202001081728/tools/bin/../lib/gcc/arm-none-eabi/8.3.1/../../../../arm-none-eabi/lib/thumb/v6-m/nofp\libcr_semihost_nf.a(_cr__main.o)
                              ./startup/startup_mke02z4.o (__main)
c:/softwares/mcuxpressoide/ide/plugins/com.nxp.mcuxpresso.tools.win32_11.1.0.202001081728/tools/bin/../lib/gcc/arm-none-eabi/8.3.1/../../../../arm-none-eabi/lib/thumb/v6-m/nofp\libcr_semihost_nf.a(_cr_assert.o)
                              ./drivers/fsl_clock.o (__assertion_failed)
c:/softwares/mcuxpressoide/ide/plugins/com.nxp.mcuxpresso.tools.win32_11.1.0.202001081728/tools/bin/../lib/gcc/arm-none-eabi/8.3.1/../../../../arm-none-eabi/lib/thumb/v6-m/nofp\libcr_semihost_nf.a(__ciob.o)
                              c:/softwares/mcuxpressoide/ide/plugins/com.nxp.mcuxpresso.tools.win32_11.1.0.202001081728/tools/bin/../lib/gcc/arm-none-eabi/8.3.1/../../../../arm-none-eabi/lib/thumb/v6-m/nofp\libcr_semihost_nf.a(_cr_assert.o) (__Ciob)
c:/softwares/mcuxpressoide/ide/plugins/com.nxp.mcuxpresso.tools.win32_11.1.0.202001081728/tools/bin/../lib/gcc/arm-none-eabi/8.3.1/../../../../arm-none-eabi/lib/thumb/v6-m/nofp\libcr_semihost_nf.a(__sys_appexit.o)
                              c:/softwares/mcuxpressoide/ide/plugins/com.nxp.mcuxpresso.tools.win32_11.1.0.202001081728/tools/bin/../lib/gcc/arm-none-eabi/8.3.1/../../../../arm-none-eabi/lib/thumb/v6-m/nofp\libcr_semihost_nf.a(_cr_assert.o) (__sys_appexit)
c:/softwares/mcuxpressoide/ide/plugins/com.nxp.mcuxpresso.tools.win32_11.1.0.202001081728/tools/bin/../lib/gcc/arm-none-eabi/8.3.1/../../../../arm-none-eabi/lib/thumb/v6-m/nofp\libcr_c.a(memset.o)
                              ./source/MKE02Z16xxx4_Project.o (memset)
c:/softwares/mcuxpressoide/ide/plugins/com.nxp.mcuxpresso.tools.win32_11.1.0.202001081728/tools/bin/../lib/gcc/arm-none-eabi/8.3.1/../../../../arm-none-eabi/lib/thumb/v6-m/nofp\libcr_c.a(_deferredlazyseek.o)
                              c:/softwares/mcuxpressoide/ide/plugins/com.nxp.mcuxpresso.tools.win32_11.1.0.202001081728/tools/bin/../lib/gcc/arm-none-eabi/8.3.1/../../../../arm-none-eabi/lib/thumb/v6-m/nofp\libcr_semihost_nf.a(_cr_assert.o) (__flsbuf)
c:/softwares/mcuxpressoide/ide/plugins/com.nxp.mcuxpresso.tools.win32_11.1.0.202001081728/tools/bin/../lib/gcc/arm-none-eabi/8.3.1/../../../../arm-none-eabi/lib/thumb/v6-m/nofp\libcr_c.a(_fflush.o)
                              c:/softwares/mcuxpressoide/ide/plugins/com.nxp.mcuxpresso.tools.win32_11.1.0.202001081728/tools/bin/../lib/gcc/arm-none-eabi/8.3.1/../../../../arm-none-eabi/lib/thumb/v6-m/nofp\libcr_c.a(_deferredlazyseek.o) (_fflush)
c:/softwares/mcuxpressoide/ide/plugins/com.nxp.mcuxpresso.tools.win32_11.1.0.202001081728/tools/bin/../lib/gcc/arm-none-eabi/8.3.1/../../../../arm-none-eabi/lib/thumb/v6-m/nofp\libcr_c.a(_writebuf.o)
                              c:/softwares/mcuxpressoide/ide/plugins/com.nxp.mcuxpresso.tools.win32_11.1.0.202001081728/tools/bin/../lib/gcc/arm-none-eabi/8.3.1/../../../../arm-none-eabi/lib/thumb/v6-m/nofp\libcr_c.a(_deferredlazyseek.o) (_Cwritebuf)
c:/softwares/mcuxpressoide/ide/plugins/com.nxp.mcuxpresso.tools.win32_11.1.0.202001081728/tools/bin/../lib/gcc/arm-none-eabi/8.3.1/../../../../arm-none-eabi/lib/thumb/v6-m/nofp\libcr_c.a(alloc.o)
                              ./drivers/fsl_common.o (malloc)
c:/softwares/mcuxpressoide/ide/plugins/com.nxp.mcuxpresso.tools.win32_11.1.0.202001081728/tools/bin/../lib/gcc/arm-none-eabi/8.3.1/../../../../arm-none-eabi/lib/thumb/v6-m/nofp\libcr_c.a(fputs.o)
                              c:/softwares/mcuxpressoide/ide/plugins/com.nxp.mcuxpresso.tools.win32_11.1.0.202001081728/tools/bin/../lib/gcc/arm-none-eabi/8.3.1/../../../../arm-none-eabi/lib/thumb/v6-m/nofp\libcr_semihost_nf.a(_cr_assert.o) (fputs)
c:/softwares/mcuxpressoide/ide/plugins/com.nxp.mcuxpresso.tools.win32_11.1.0.202001081728/tools/bin/../lib/gcc/arm-none-eabi/8.3.1/../../../../arm-none-eabi/lib/thumb/v6-m/nofp\libcr_c.a(fseek.o)
                              c:/softwares/mcuxpressoide/ide/plugins/com.nxp.mcuxpresso.tools.win32_11.1.0.202001081728/tools/bin/../lib/gcc/arm-none-eabi/8.3.1/../../../../arm-none-eabi/lib/thumb/v6-m/nofp\libcr_c.a(_deferredlazyseek.o) (fseek)
c:/softwares/mcuxpressoide/ide/plugins/com.nxp.mcuxpresso.tools.win32_11.1.0.202001081728/tools/bin/../lib/gcc/arm-none-eabi/8.3.1/../../../../arm-none-eabi/lib/thumb/v6-m/nofp\libcr_c.a(ftell.o)
                              c:/softwares/mcuxpressoide/ide/plugins/com.nxp.mcuxpresso.tools.win32_11.1.0.202001081728/tools/bin/../lib/gcc/arm-none-eabi/8.3.1/../../../../arm-none-eabi/lib/thumb/v6-m/nofp\libcr_c.a(fseek.o) (ftell)
c:/softwares/mcuxpressoide/ide/plugins/com.nxp.mcuxpresso.tools.win32_11.1.0.202001081728/tools/bin/../lib/gcc/arm-none-eabi/8.3.1/../../../../arm-none-eabi/lib/thumb/v6-m/nofp\libcr_c.a(initio.o)
[...]
Memory Configuration

Name             Origin             Length             Attributes
PROGRAM_FLASH    0x00000000         0x00004000         xr
SRAM             0x1ffffe00         0x00000800         xrw
*default*        0x00000000         0xffffffff

Linker script and memory map

LOAD ./startup/startup_mke02z4.o
LOAD ./source/MKE02Z16xxx4_Project.o
LOAD ./source/semihost_hardfault.o
LOAD ./drivers/fsl_clock.o
LOAD ./drivers/fsl_common.o
LOAD ./drivers/fsl_gpio.o
LOAD ./drivers/fsl_i2c.o
LOAD ./drivers/fsl_port.o
LOAD ./drivers/fsl_uart.o
LOAD ./device/system_MKE02Z4.o
LOAD ./board/board.o
LOAD ./board/clock_config.o
LOAD ./board/peripherals.o
LOAD ./board/pin_mux.o
START GROUP
LOAD c:/softwares/mcuxpressoide/ide/plugins/com.nxp.mcuxpresso.tools.win32_11.1.0.202001081728/tools/bin/../lib/gcc/arm-none-eabi/8.3.1/../../../../arm-none-eabi/lib/thumb/v6-m/nofp\libcr_semihost_nf.a
LOAD c:/softwares/mcuxpressoide/ide/plugins/com.nxp.mcuxpresso.tools.win32_11.1.0.202001081728/tools/bin/../lib/gcc/arm-none-eabi/8.3.1/../../../../arm-none-eabi/lib/thumb/v6-m/nofp\libcr_c.a
LOAD c:/softwares/mcuxpressoide/ide/plugins/com.nxp.mcuxpresso.tools.win32_11.1.0.202001081728/tools/bin/../lib/gcc/arm-none-eabi/8.3.1/thumb/v6-m/nofp\libcr_eabihelpers.a
LOAD c:/softwares/mcuxpressoide/ide/plugins/com.nxp.mcuxpresso.tools.win32_11.1.0.202001081728/tools/bin/../lib/gcc/arm-none-eabi/8.3.1/thumb/v6-m/nofp\libgcc.a
END GROUP
                0x00000000                __base_PROGRAM_FLASH = 0x0
                0x00000000                __base_Flash = 0x0
                0x00004000                __top_PROGRAM_FLASH = 0x4000
                0x00004000                __top_Flash = 0x4000
                0x1ffffe00                __base_SRAM = 0x1ffffe00
                0x1ffffe00                __base_RAM = 0x1ffffe00
                0x20000600                __top_SRAM = 0x20000600
                0x20000600                __top_RAM = 0x20000600

.text           0x00000000     0x282c
 FILL mask 0xff
                0x00000000                __vectors_start__ = ABSOLUTE (.)
 *(SORT_BY_ALIGNMENT(.isr_vector))
 .isr_vector    0x00000000       0xb4 ./startup/startup_mke02z4.o
                0x00000000                g_pfnVectors
                0x00000000                __Vectors
                0x000000b4                . = ALIGN (0x4)
                0x000000b4                __section_table_start = .
                0x000000b4                __data_section_table = .
                0x000000b4        0x4 LONG 0x282c LOADADDR (.data)
                0x000000b8        0x4 LONG 0x1ffffe00 ADDR (.data)
                0x000000bc        0x4 LONG 0x4 SIZEOF (.data)
                0x000000c0                __data_section_table_end = .
                0x000000c0                __bss_section_table = .
                0x000000c0        0x4 LONG 0x1ffffe04 ADDR (.bss)
                0x000000c4        0x4 LONG 0xdc SIZEOF (.bss)
                0x000000c8                __bss_section_table_end = .
                0x000000c8                __section_table_end = .
 *(SORT_BY_ALIGNMENT(.after_vectors*))
 .after_vectors.reset
                0x000000c8       0x4c ./startup/startup_mke02z4.o
                0x000000c8                ResetISR
 .after_vectors.init_data
                0x00000114       0x12 ./startup/startup_mke02z4.o
                0x00000114                data_init
 .after_vectors.init_bss
                0x00000126       0x10 ./startup/startup_mke02z4.o
                0x00000126                bss_init
 .after_vectors
                0x00000136       0xf4 ./startup/startup_mke02z4.o
                0x00000136                NMI_Handler
                0x0000013a                SVC_Handler
                0x0000013c                PendSV_Handler
                0x0000013e                SysTick_Handler
                0x00000140                PMC_DriverIRQHandler
                0x00000140                SPI1_DriverIRQHandler
                0x00000140                ACMP1_DriverIRQHandler
                0x00000140                FTMRH_DriverIRQHandler
                0x00000140                Reserved42_DriverIRQHandler
                0x00000140                PIT_CH1_DriverIRQHandler
                0x00000140                FTM1_DriverIRQHandler
                0x00000140                Reserved19_DriverIRQHandler
                0x00000140                KBI0_DriverIRQHandler
                0x00000140                FTM2_DriverIRQHandler
                0x00000140                WDOG_DriverIRQHandler
                0x00000140                SPI0_DriverIRQHandler
                0x00000140                Reserved17_DriverIRQHandler
                0x00000140                RTC_DriverIRQHandler
                0x00000140                ACMP0_DriverIRQHandler
                0x00000140                FTM0_DriverIRQHandler
                0x00000140                IntDefaultHandler
                0x00000140                KBI1_DriverIRQHandler
                0x00000140                ADC_DriverIRQHandler
                0x00000140                ICS_DriverIRQHandler
                0x00000140                Reserved16_DriverIRQHandler
                0x00000140                IRQ_DriverIRQHandler
                0x00000140                Reserved20_DriverIRQHandler
                0x00000140                PIT_CH0_DriverIRQHandler
                0x00000140                Reserved25_DriverIRQHandler
                0x00000140                Reserved18_DriverIRQHandler
                0x00000142                Reserved16_IRQHandler
                0x0000014a                Reserved17_IRQHandler
                0x00000152                Reserved18_IRQHandler
                0x0000015a                Reserved19_IRQHandler
                0x00000162                Reserved20_IRQHandler
                0x0000016a                FTMRH_IRQHandler
                0x00000172                PMC_IRQHandler
                0x0000017a                IRQ_IRQHandler
                0x00000182                I2C0_IRQHandler
                0x0000018a                Reserved25_IRQHandler
                0x00000192                SPI0_IRQHandler
                0x0000019a                SPI1_IRQHandler
                0x000001a2                UART0_IRQHandler
                0x000001aa                UART1_IRQHandler
                0x000001b2                UART2_IRQHandler
                0x000001ba                ADC_IRQHandler
                0x000001c2                ACMP0_IRQHandler
                0x000001ca                FTM0_IRQHandler
                0x000001d2                FTM1_IRQHandler
                0x000001da                FTM2_IRQHandler
                0x000001e2                RTC_IRQHandler
                0x000001ea                ACMP1_IRQHandler
                0x000001f2                PIT_CH0_IRQHandler
                0x000001fa                PIT_CH1_IRQHandler
                0x00000202                KBI0_IRQHandler
                0x0000020a                KBI1_IRQHandler
                0x00000212                Reserved42_IRQHandler
                0x0000021a                ICS_IRQHandler
                0x00000222                WDOG_IRQHandler
                0x00000400                . = 0x400
 *fill*         0x0000022a      0x1d6 ff
                0x00000400                PROVIDE (__FLASH_CONFIG_START__ = .)
 *(SORT_BY_ALIGNMENT(.FlashConfig))
 .FlashConfig   0x00000400       0x10 ./startup/startup_mke02z4.o
                0x00000400                Flash_Config
                0x00000410                PROVIDE (__FLASH_CONFIG_END__ = .)
                0x00000001                ASSERT (! ((__FLASH_CONFIG_START__ == __FLASH_CONFIG_END__)), Linker Flash Config Support Enabled, but no .FlashConfig section provided within application)
 *(SORT_BY_ALIGNMENT(.text*))
 .text.i2c_release_bus_delay
                0x00000410       0x28 ./source/MKE02Z16xxx4_Project.o
                0x00000410                i2c_release_bus_delay
 .text.SHTC3_humidCal
                0x00000438       0x4c ./source/MKE02Z16xxx4_Project.o
                0x00000438                SHTC3_humidCal
 .text.SHTC3_tempCal
                0x00000484       0x5c ./source/MKE02Z16xxx4_Project.o
                0x00000484                SHTC3_tempCal
 .text.main     0x000004e0      0x23c ./source/MKE02Z16xxx4_Project.o
                0x000004e0                main
 .text.HardFault_Handler
                0x0000071c       0x30 ./source/semihost_hardfault.o
                0x0000071c                HardFault_Handler
 .text.CLOCK_SetSimConfig
                0x0000074c       0x34 ./drivers/fsl_clock.o
                0x0000074c                CLOCK_SetSimConfig
 .text.CLOCK_SetFeiMode
                0x00000780       0x9c ./drivers/fsl_clock.o
                0x00000780                CLOCK_SetFeiMode
 .text.CLOCK_EnableClock
                0x0000081c       0x34 ./drivers/fsl_i2c.o
 .text.I2C_GetInstance
                0x00000850       0x48 ./drivers/fsl_i2c.o
                0x00000850                I2C_GetInstance
 .text.I2C_CheckAndClearError
                0x00000898       0x40 ./drivers/fsl_i2c.o
 .text.I2C_TransferCommonIRQHandler
                0x000008d8       0x60 ./drivers/fsl_i2c.o
 .text.I2C_MasterInit
                0x00000938      0x100 ./drivers/fsl_i2c.o
                0x00000938                I2C_MasterInit
 .text.I2C_MasterSetBaudRate
                0x00000a38       0xf8 ./drivers/fsl_i2c.o
                0x00000a38                I2C_MasterSetBaudRate
 .text.I2C_MasterStart
                0x00000b30       0x74 ./drivers/fsl_i2c.o
                0x00000b30                I2C_MasterStart
 .text.I2C_MasterRepeatedStart
                0x00000ba4       0xbc ./drivers/fsl_i2c.o
                0x00000ba4                I2C_MasterRepeatedStart
 .text.I2C_MasterWriteBlocking
                0x00000c60       0xec ./drivers/fsl_i2c.o
                0x00000c60                I2C_MasterWriteBlocking
 .text.I2C_MasterTransferBlocking
                0x00000d4c      0x27c ./drivers/fsl_i2c.o
                0x00000d4c                I2C_MasterTransferBlocking
 .text.I2C0_DriverIRQHandler
                0x00000fc8       0x20 ./drivers/fsl_i2c.o
                0x00000fc8                I2C0_DriverIRQHandler
 .text.PORT_SetPinSelect
                0x00000fe8       0x78 ./drivers/fsl_port.o
                0x00000fe8                PORT_SetPinSelect
 .text.CLOCK_EnableClock
                0x00001060       0x34 ./drivers/fsl_uart.o
 .text.UART_GetInstance
                0x00001094       0x54 ./drivers/fsl_uart.o
                0x00001094                UART_GetInstance
 .text.UART_Init
                0x000010e8      0x1e0 ./drivers/fsl_uart.o
                0x000010e8                UART_Init
 .text.UART0_DriverIRQHandler
                0x000012c8       0x24 ./drivers/fsl_uart.o
                0x000012c8                UART0_DriverIRQHandler
 .text.UART1_DriverIRQHandler
                0x000012ec       0x24 ./drivers/fsl_uart.o
                0x000012ec                UART1_DriverIRQHandler
 .text.UART2_DriverIRQHandler
                0x00001310       0x24 ./drivers/fsl_uart.o
                0x00001310                UART2_DriverIRQHandler
 .text.SystemInit
                0x00001334       0x50 ./device/system_MKE02Z4.o
                0x00001334                SystemInit
 .text.CLOCK_SetSimSafeDivs
                0x00001384       0x14 ./board/clock_config.o
 .text.CLOCK_SetInternalRefClkConfig
                0x00001398       0x30 ./board/clock_config.o
 .text.BOARD_BootClockRUN
                0x000013c8       0x38 ./board/clock_config.o
                0x000013c8                BOARD_BootClockRUN
 .text.I2C0_init
                0x00001400       0x24 ./board/peripherals.o
                0x00001400                I2C0_init
 .text.UART0_init
                0x00001424       0x24 ./board/peripherals.o
                0x00001424                UART0_init
 .text.UART1_init
                0x00001448       0x24 ./board/peripherals.o
                0x00001448                UART1_init
 .text.BOARD_InitPins
                0x0000146c       0x30 ./board/pin_mux.o
                0x0000146c                BOARD_InitPins
 .text.__assertion_failed
                0x0000149c       0x4c c:/softwares/mcuxpressoide/ide/plugins/com.nxp.mcuxpresso.tools.win32_11.1.0.202001081728/tools/bin/../lib/gcc/arm-none-eabi/8.3.1/../../../../arm-none-eabi/lib/thumb/v6-m/nofp\libcr_semihost_nf.a(_cr_assert.o)
                0x0000149c                __assertion_failed
 .text.__sys_appexit
                0x000014e8        0xc c:/softwares/mcuxpressoide/ide/plugins/com.nxp.mcuxpresso.tools.win32_11.1.0.202001081728/tools/bin/../lib/gcc/arm-none-eabi/8.3.1/../../../../arm-none-eabi/lib/thumb/v6-m/nofp\libcr_semihost_nf.a(__sys_appexit.o)
                0x000014e8                __sys_appexit
                0x000014e8                __exit
 .text._deferredlazyseek
                0x000014f4       0x40 c:/softwares/mcuxpressoide/ide/plugins/com.nxp.mcuxpresso.tools.win32_11.1.0.202001081728/tools/bin/../lib/gcc/arm-none-eabi/8.3.1/../../../../arm-none-eabi/lib/thumb/v6-m/nofp\libcr_c.a(_deferredlazyseek.o)
                0x000014f4                _deferredlazyseek
 .text.__flsbuf
                0x00001534      0x14c c:/softwares/mcuxpressoide/ide/plugins/com.nxp.mcuxpresso.tools.win32_11.1.0.202001081728/tools/bin/../lib/gcc/arm-none-eabi/8.3.1/../../../../arm-none-eabi/lib/thumb/v6-m/nofp\libcr_c.a(_deferredlazyseek.o)
                0x00001534                __flsbuf
 .text._fflush  0x00001680       0x5c c:/softwares/mcuxpressoide/ide/plugins/com.nxp.mcuxpresso.tools.win32_11.1.0.202001081728/tools/bin/../lib/gcc/arm-none-eabi/8.3.1/../../../../arm-none-eabi/lib/thumb/v6-m/nofp\libcr_c.a(_fflush.o)
                0x00001680                _fflush
 .text._Cwritebuf
                0x000016dc       0x68 c:/softwares/mcuxpressoide/ide/plugins/com.nxp.mcuxpresso.tools.win32_11.1.0.202001081728/tools/bin/../lib/gcc/arm-none-eabi/8.3.1/../../../../arm-none-eabi/lib/thumb/v6-m/nofp\libcr_c.a(_writebuf.o)
                0x000016dc                _Cwritebuf
 .text.malloc   0x00001744       0xcc c:/softwares/mcuxpressoide/ide/plugins/com.nxp.mcuxpresso.tools.win32_11.1.0.202001081728/tools/bin/../lib/gcc/arm-none-eabi/8.3.1/../../../../arm-none-eabi/lib/thumb/v6-m/nofp\libcr_c.a(alloc.o)
                0x00001744                malloc
 .text._Csys_alloc
                0x00001810       0x20 c:/softwares/mcuxpressoide/ide/plugins/com.nxp.mcuxpresso.tools.win32_11.1.0.202001081728/tools/bin/../lib/gcc/arm-none-eabi/8.3.1/../../../../arm-none-eabi/lib/thumb/v6-m/nofp\libcr_c.a(alloc.o)
                0x00001810                _Csys_alloc
 .text.fseek    0x00001830       0xf0 c:/softwares/mcuxpressoide/ide/plugins/com.nxp.mcuxpresso.tools.win32_11.1.0.202001081728/tools/bin/../lib/gcc/arm-none-eabi/8.3.1/../../../../arm-none-eabi/lib/thumb/v6-m/nofp\libcr_c.a(fseek.o)
                0x00001830                fseek
 .text.ftell    0x00001920       0x48 c:/softwares/mcuxpressoide/ide/plugins/com.nxp.mcuxpresso.tools.win32_11.1.0.202001081728/tools/bin/../lib/gcc/arm-none-eabi/8.3.1/../../../../arm-none-eabi/lib/thumb/v6-m/nofp\libcr_c.a(ftell.o)
                0x00001920                ftell
 .text._initio  0x00001968       0x7c c:/softwares/mcuxpressoide/ide/plugins/com.nxp.mcuxpresso.tools.win32_11.1.0.202001081728/tools/bin/../lib/gcc/arm-none-eabi/8.3.1/../../../../arm-none-eabi/lib/thumb/v6-m/nofp\libcr_c.a(initio.o)
                0x00001968                _initio
 .text.setvbuf  0x000019e4       0x4c c:/softwares/mcuxpressoide/ide/plugins/com.nxp.mcuxpresso.tools.win32_11.1.0.202001081728/tools/bin/../lib/gcc/arm-none-eabi/8.3.1/../../../../arm-none-eabi/lib/thumb/v6-m/nofp\libcr_c.a(setvbuf.o)
                0x000019e4                setvbuf
 .text._sbrk    0x00001a30       0x40 c:/softwares/mcuxpressoide/ide/plugins/com.nxp.mcuxpresso.tools.win32_11.1.0.202001081728/tools/bin/../lib/gcc/arm-none-eabi/8.3.1/../../../../arm-none-eabi/lib/thumb/v6-m/nofp\libcr_c.a(_cr_sbrk.o)
                0x00001a30                _sbrk
 .text._fdopen  0x00001a70       0x74 c:/softwares/mcuxpressoide/ide/plugins/com.nxp.mcuxpresso.tools.win32_11.1.0.202001081728/tools/bin/../lib/gcc/arm-none-eabi/8.3.1/../../../../arm-none-eabi/lib/thumb/v6-m/nofp\libcr_c.a(_fdopen.o)
                0x00001a70                _fdopen
 .text.fclose   0x00001ae4       0x5c c:/softwares/mcuxpressoide/ide/plugins/com.nxp.mcuxpresso.tools.win32_11.1.0.202001081728/tools/bin/../lib/gcc/arm-none-eabi/8.3.1/../../../../arm-none-eabi/lib/thumb/v6-m/nofp\libcr_c.a(fclose.o)
                0x00001ae4                fclose
 .text.fflush   0x00001b40       0x44 c:/softwares/mcuxpressoide/ide/plugins/com.nxp.mcuxpresso.tools.win32_11.1.0.202001081728/tools/bin/../lib/gcc/arm-none-eabi/8.3.1/../../../../arm-none-eabi/lib/thumb/v6-m/nofp\libcr_c.a(fflush.o)
                0x00001b40                fflush
 .text.strlen   0x00001b84       0x58 c:/softwares/mcuxpressoide/ide/plugins/com.nxp.mcuxpresso.tools.win32_11.1.0.202001081728/tools/bin/../lib/gcc/arm-none-eabi/8.3.1/../../../../arm-none-eabi/lib/thumb/v6-m/nofp\libcr_c.a(strlen.o)
                0x00001b84                strlen
 .text.__check_heap_overflow
                0x00001bdc       0x14 c:/softwares/mcuxpressoide/ide/plugins/com.nxp.mcuxpresso.tools.win32_11.1.0.202001081728/tools/bin/../lib/gcc/arm-none-eabi/8.3.1/../../../../arm-none-eabi/lib/thumb/v6-m/nofp\libcr_c.a(_cr_check_heap.o)
                0x00001bdc                __check_heap_overflow
 .text._do_fflush
                0x00001bf0       0x44 c:/softwares/mcuxpressoide/ide/plugins/com.nxp.mcuxpresso.tools.win32_11.1.0.202001081728/tools/bin/../lib/gcc/arm-none-eabi/8.3.1/../../../../arm-none-eabi/lib/thumb/v6-m/nofp\libcr_c.a(_do_fflush.o)
                0x00001bf0                _do_fflush
 .text.__aeabi_fmul
                0x00001c34       0xc4 c:/softwares/mcuxpressoide/ide/plugins/com.nxp.mcuxpresso.tools.win32_11.1.0.202001081728/tools/bin/../lib/gcc/arm-none-eabi/8.3.1/thumb/v6-m/nofp\libcr_eabihelpers.a(float.o)
                0x00001c34                __aeabi_fmul
 .text.__aeabi_fdiv
                0x00001cf8       0xdc c:/softwares/mcuxpressoide/ide/plugins/com.nxp.mcuxpresso.tools.win32_11.1.0.202001081728/tools/bin/../lib/gcc/arm-none-eabi/8.3.1/thumb/v6-m/nofp\libcr_eabihelpers.a(float.o)
                0x00001cf8                __aeabi_fdiv
 .text.__aeabi_fsub
                0x00001dd4      0x128 c:/softwares/mcuxpressoide/ide/plugins/com.nxp.mcuxpresso.tools.win32_11.1.0.202001081728/tools/bin/../lib/gcc/arm-none-eabi/8.3.1/thumb/v6-m/nofp\libcr_eabihelpers.a(float.o)
                0x00001dd4                __aeabi_fsub
 .text.__aeabi_fadd
                0x00001efc       0xac c:/softwares/mcuxpressoide/ide/plugins/com.nxp.mcuxpresso.tools.win32_11.1.0.202001081728/tools/bin/../lib/gcc/arm-none-eabi/8.3.1/thumb/v6-m/nofp\libcr_eabihelpers.a(float.o)
                0x00001efc                __aeabi_fadd
 .text.ConvertToString
                0x00001fa8       0xb4 ./source/MKE02Z16xxx4_Project.o
                0x00001fa8                ConvertToString
 .text.user_i2c_sleep
                0x0000205c       0x28 ./source/MKE02Z16xxx4_Project.o
                0x0000205c                user_i2c_sleep
 .text.SHTC3_testChecksum
                0x00002084       0xb2 ./source/MKE02Z16xxx4_Project.o
                0x00002084                SHTC3_testChecksum
 .text.CLOCK_BootToFeiMode
                0x00002136       0x20 ./drivers/fsl_clock.o
                0x00002136                CLOCK_BootToFeiMode
 .text.I2C_MasterClearStatusFlags
                0x00002156       0x56 ./drivers/fsl_i2c.o
 .text.I2C_MasterStop
                0x000021ac       0x36 ./drivers/fsl_i2c.o
                0x000021ac                I2C_MasterStop
 .text.I2C_MasterGetStatusFlags
                0x000021e2       0x4a ./drivers/fsl_i2c.o
                0x000021e2                I2C_MasterGetStatusFlags
 .text.I2C_MasterReadBlocking
                0x0000222c       0xea ./drivers/fsl_i2c.o
                0x0000222c                I2C_MasterReadBlocking
 .text.UART_WriteBlocking
                0x00002316       0x4a ./drivers/fsl_uart.o
                0x00002316                UART_WriteBlocking
 .text.SystemInitHook
                0x00002360        0xa ./device/system_MKE02Z4.o
                0x00002360                SystemInitHook
 .text.BOARD_InitBootClocks
                0x0000236a        0xe ./board/clock_config.o
                0x0000236a                BOARD_InitBootClocks
 .text.BOARD_InitPeripherals
                0x00002378       0x16 ./board/peripherals.o
                0x00002378                BOARD_InitPeripherals
 .text.BOARD_InitBootPeripherals
                0x0000238e        0xe ./board/peripherals.o
                0x0000238e                BOARD_InitBootPeripherals
 .text.BOARD_InitBootPins
                0x0000239c        0xe ./board/pin_mux.o
                0x0000239c                BOARD_InitBootPins
 .text.__main   0x000023aa        0xc c:/softwares/mcuxpressoide/ide/plugins/com.nxp.mcuxpresso.tools.win32_11.1.0.202001081728/tools/bin/../lib/gcc/arm-none-eabi/8.3.1/../../../../arm-none-eabi/lib/thumb/v6-m/nofp\libcr_semihost_nf.a(_cr__main.o)
                0x000023aa                __CR_SEMIHOST
                0x000023aa                __main
 .text.memset   0x000023b6        0x8 c:/softwares/mcuxpressoide/ide/plugins/com.nxp.mcuxpresso.tools.win32_11.1.0.202001081728/tools/bin/../lib/gcc/arm-none-eabi/8.3.1/../../../../arm-none-eabi/lib/thumb/v6-m/nofp\libcr_c.a(memset.o)
                0x000023b6                memset
 .text.free     0x000023be       0x2c c:/softwares/mcuxpressoide/ide/plugins/com.nxp.mcuxpresso.tools.win32_11.1.0.202001081728/tools/bin/../lib/gcc/arm-none-eabi/8.3.1/../../../../arm-none-eabi/lib/thumb/v6-m/nofp\libcr_c.a(alloc.o)
                0x000023be                free
 .text.fputs    0x000023ea       0x2e c:/softwares/mcuxpressoide/ide/plugins/com.nxp.mcuxpresso.tools.win32_11.1.0.202001081728/tools/bin/../lib/gcc/arm-none-eabi/8.3.1/../../../../arm-none-eabi/lib/thumb/v6-m/nofp\libcr_c.a(fputs.o)
                0x000023ea                fputs
 .text.remove   0x00002418       0x12 c:/softwares/mcuxpressoide/ide/plugins/com.nxp.mcuxpresso.tools.win32_11.1.0.202001081728/tools/bin/../lib/gcc/arm-none-eabi/8.3.1/../../../../arm-none-eabi/lib/thumb/v6-m/nofp\libcr_c.a(remove.o)
                0x00002418                remove
 .text.__aeabi_division_idivmod
                0x0000242a       0x78 c:/softwares/mcuxpressoide/ide/plugins/com.nxp.mcuxpresso.tools.win32_11.1.0.202001081728/tools/bin/../lib/gcc/arm-none-eabi/8.3.1/thumb/v6-m/nofp\libcr_eabihelpers.a(division_32.o)
                0x0000242a                __aeabi_idivmod
                0x0000242a                __aeabi_idiv
                0x00002430                __aeabi_uidivmod
                0x00002430                __aeabi_uidiv
 .text.__aeabi_division_idiv0
                0x000024a2        0x2 c:/softwares/mcuxpressoide/ide/plugins/com.nxp.mcuxpresso.tools.win32_11.1.0.202001081728/tools/bin/../lib/gcc/arm-none-eabi/8.3.1/thumb/v6-m/nofp\libcr_eabihelpers.a(division_idiv0.o)
                0x000024a2                __aeabi_idiv0
 .text.__aeabi_f2uiz
                0x000024a4       0x2a c:/softwares/mcuxpressoide/ide/plugins/com.nxp.mcuxpresso.tools.win32_11.1.0.202001081728/tools/bin/../lib/gcc/arm-none-eabi/8.3.1/thumb/v6-m/nofp\libcr_eabihelpers.a(float.o)
                0x000024a4                __aeabi_f2uiz
 .text.__bhs_ui2f
                0x000024ce       0x62 c:/softwares/mcuxpressoide/ide/plugins/com.nxp.mcuxpresso.tools.win32_11.1.0.202001081728/tools/bin/../lib/gcc/arm-none-eabi/8.3.1/thumb/v6-m/nofp\libcr_eabihelpers.a(float.o)
                0x000024ce                __bhs_ui2f
 .text.__aeabi_i2f
                0x00002530       0x18 c:/softwares/mcuxpressoide/ide/plugins/com.nxp.mcuxpresso.tools.win32_11.1.0.202001081728/tools/bin/../lib/gcc/arm-none-eabi/8.3.1/thumb/v6-m/nofp\libcr_eabihelpers.a(float.o)
                0x00002530                __aeabi_i2f
 .text.__aeabi_llong_lmul
                0x00002548       0x2e c:/softwares/mcuxpressoide/ide/plugins/com.nxp.mcuxpresso.tools.win32_11.1.0.202001081728/tools/bin/../lib/gcc/arm-none-eabi/8.3.1/thumb/v6-m/nofp\libcr_eabihelpers.a(llong.o)
                0x00002548                __aeabi_lmul
 .text.__aeabi_memset_lowlevel
                0x00002576       0x2a c:/softwares/mcuxpressoide/ide/plugins/com.nxp.mcuxpresso.tools.win32_11.1.0.202001081728/tools/bin/../lib/gcc/arm-none-eabi/8.3.1/thumb/v6-m/nofp\libcr_eabihelpers.a(memcpy.o)
                0x00002576                __aeabi_lowlevel_memset
 .text.__sys_close
                0x000025a0        0xc c:/softwares/mcuxpressoide/ide/plugins/com.nxp.mcuxpresso.tools.win32_11.1.0.202001081728/tools/bin/../lib/gcc/arm-none-eabi/8.3.1/../../../../arm-none-eabi/lib/thumb/v6-m/nofp\libcr_semihost_nf.a(__sys_close.o)
                0x000025a0                __sys_close
 .text.__sys_flen
                0x000025ac        0xc c:/softwares/mcuxpressoide/ide/plugins/com.nxp.mcuxpresso.tools.win32_11.1.0.202001081728/tools/bin/../lib/gcc/arm-none-eabi/8.3.1/../../../../arm-none-eabi/lib/thumb/v6-m/nofp\libcr_semihost_nf.a(__sys_flen.o)
                0x000025ac                __sys_flen
 .text.__sys_istty
                0x000025b8        0xc c:/softwares/mcuxpressoide/ide/plugins/com.nxp.mcuxpresso.tools.win32_11.1.0.202001081728/tools/bin/../lib/gcc/arm-none-eabi/8.3.1/../../../../arm-none-eabi/lib/thumb/v6-m/nofp\libcr_semihost_nf.a(__sys_istty.o)
                0x000025b8                __sys_istty
 .text.__sys_remove
                0x000025c4        0xc c:/softwares/mcuxpressoide/ide/plugins/com.nxp.mcuxpresso.tools.win32_11.1.0.202001081728/tools/bin/../lib/gcc/arm-none-eabi/8.3.1/../../../../arm-none-eabi/lib/thumb/v6-m/nofp\libcr_semihost_nf.a(__sys_remove.o)
                0x000025c4                __sys_remove
 .text.__sys_seek
                0x000025d0        0xc c:/softwares/mcuxpressoide/ide/plugins/com.nxp.mcuxpresso.tools.win32_11.1.0.202001081728/tools/bin/../lib/gcc/arm-none-eabi/8.3.1/../../../../arm-none-eabi/lib/thumb/v6-m/nofp\libcr_semihost_nf.a(__sys_seek.o)
                0x000025d0                __sys_seek
 .text.__sys_tmpnam
                0x000025dc        0xc c:/softwares/mcuxpressoide/ide/plugins/com.nxp.mcuxpresso.tools.win32_11.1.0.202001081728/tools/bin/../lib/gcc/arm-none-eabi/8.3.1/../../../../arm-none-eabi/lib/thumb/v6-m/nofp\libcr_semihost_nf.a(__sys_tmpnam.o)
                0x000025dc                __sys_tmpnam
 .text.__sys_write
                0x000025e8        0xc c:/softwares/mcuxpressoide/ide/plugins/com.nxp.mcuxpresso.tools.win32_11.1.0.202001081728/tools/bin/../lib/gcc/arm-none-eabi/8.3.1/../../../../arm-none-eabi/lib/thumb/v6-m/nofp\libcr_semihost_nf.a(__sys_write.o)
                0x000025e8                __sys_write
 *(SORT_BY_ALIGNMENT(.rodata) SORT_BY_ALIGNMENT(.rodata.*) SORT_BY_ALIGNMENT(.constdata) SORT_BY_ALIGNMENT(.constdata.*))
 .rodata.main.str1.4
                0x000025f4       0x1d ./source/MKE02Z16xxx4_Project.o
 *fill*         0x00002611        0x3 ff
 .rodata        0x00002614        0xa ./source/MKE02Z16xxx4_Project.o
 *fill*         0x0000261e        0x2 ff
 .rodata.s_i2cDividerTable
                0x00002620       0x80 ./drivers/fsl_i2c.o
 .rodata.I2C_GetInstance.str1.4
                0x000026a0       0x33 ./drivers/fsl_i2c.o
 *fill*         0x000026d3        0x1 ff
 .rodata.I2C_MasterInit.str1.4
                0x000026d4       0x4b ./drivers/fsl_i2c.o
 *fill*         0x0000271f        0x1 ff
 .rodata.I2C_MasterTransferBlocking.str1.4
                0x00002720       0x1f ./drivers/fsl_i2c.o
 *fill*         0x0000273f        0x1 ff
 .rodata.s_uartBases
                0x00002740        0xc ./drivers/fsl_uart.o
 .rodata.s_uartClock
                0x0000274c        0xc ./drivers/fsl_uart.o
 .rodata.UART_GetInstance.str1.4
                0x00002758       0x2c ./drivers/fsl_uart.o
 .rodata.UART_Init.str1.4
                0x00002784       0x44 ./drivers/fsl_uart.o
                                 0x43 (size before relaxing)
 .rodata.simConfig_BOARD_BootClockRUN
                0x000027c8        0x8 ./board/clock_config.o
                0x000027c8                simConfig_BOARD_BootClockRUN
 .rodata.I2C0_config
                0x000027d0        0xc ./board/peripherals.o
                0x000027d0                I2C0_config
 .rodata.UART0_config
                0x000027dc        0xc ./board/peripherals.o
                0x000027dc                UART0_config
 .rodata.UART1_config
                0x000027e8        0xc ./board/peripherals.o
                0x000027e8                UART1_config
 .rodata.__num_Ciob_streams
                0x000027f4        0x4 c:/softwares/mcuxpressoide/ide/plugins/com.nxp.mcuxpresso.tools.win32_11.1.0.202001081728/tools/bin/../lib/gcc/arm-none-eabi/8.3.1/../../../../arm-none-eabi/lib/thumb/v6-m/nofp\libcr_semihost_nf.a(__ciob.o)
                0x000027f4                __num_Ciob_streams
 .rodata.__assertion_failed.str1.1
                0x000027f8       0x15 c:/softwares/mcuxpressoide/ide/plugins/com.nxp.mcuxpresso.tools.win32_11.1.0.202001081728/tools/bin/../lib/gcc/arm-none-eabi/8.3.1/../../../../arm-none-eabi/lib/thumb/v6-m/nofp\libcr_semihost_nf.a(_cr_assert.o)
 .rodata._Csys_alloc.str1.1
                0x0000280d       0x18 c:/softwares/mcuxpressoide/ide/plugins/com.nxp.mcuxpresso.tools.win32_11.1.0.202001081728/tools/bin/../lib/gcc/arm-none-eabi/8.3.1/../../../../arm-none-eabi/lib/thumb/v6-m/nofp\libcr_c.a(alloc.o)
 .rodata._initio.str1.1
                0x00002825        0x4 c:/softwares/mcuxpressoide/ide/plugins/com.nxp.mcuxpresso.tools.win32_11.1.0.202001081728/tools/bin/../lib/gcc/arm-none-eabi/8.3.1/../../../../arm-none-eabi/lib/thumb/v6-m/nofp\libcr_c.a(initio.o)
                0x0000282c                . = ALIGN (0x4)
 *fill*         0x00002829        0x3 ff

.glue_7         0x0000282c        0x0
 .glue_7        0x0000282c        0x0 linker stubs

.glue_7t        0x0000282c        0x0
 .glue_7t       0x0000282c        0x0 linker stubs

.vfp11_veneer   0x0000282c        0x0
 .vfp11_veneer  0x0000282c        0x0 linker stubs

.v4_bx          0x0000282c        0x0
 .v4_bx         0x0000282c        0x0 linker stubs

.iplt           0x0000282c        0x0
 .iplt          0x0000282c        0x0 ./startup/startup_mke02z4.o

.rel.dyn        0x0000282c        0x0
 .rel.iplt      0x0000282c        0x0 ./startup/startup_mke02z4.o

.ARM.extab
 *(SORT_BY_ALIGNMENT(.ARM.extab*) SORT_BY_ALIGNMENT(.gnu.linkonce.armextab.*))

.ARM.exidx      0x0000282c        0x0
                0x0000282c                __exidx_start = .
 *(SORT_BY_ALIGNMENT(.ARM.exidx*) SORT_BY_ALIGNMENT(.gnu.linkonce.armexidx.*))
                0x0000282c                __exidx_end = .
                0x0000282c                _etext = .

.uninit_RESERVED
                0x1ffffe00        0x0
                0x1ffffe00                _start_uninit_RESERVED = .
 *(SORT_BY_ALIGNMENT(.bss.$RESERVED*))
                0x1ffffe00                . = ALIGN (0x4)
                0x1ffffe00                _end_uninit_RESERVED = .

.data           0x1ffffe00        0x4 load address 0x0000282c
 FILL mask 0xff
                0x1ffffe00                _data = .
                [!provide]                PROVIDE (__start_data_RAM = .)
                [!provide]                PROVIDE (__start_data_SRAM = .)
 *(SORT_BY_ALIGNMENT(vtable))
 *(SORT_BY_ALIGNMENT(.ramfunc*))
 *(SORT_BY_ALIGNMENT(CodeQuickAccess))
 *(SORT_BY_ALIGNMENT(DataQuickAccess))
 *(SORT_BY_ALIGNMENT(RamFunction))
 *(SORT_BY_ALIGNMENT(.data*))
 .data.SystemCoreClock
                0x1ffffe00        0x4 ./device/system_MKE02Z4.o
                0x1ffffe00                SystemCoreClock
                0x1ffffe04                . = ALIGN (0x4)
                0x1ffffe04                _edata = .
                [!provide]                PROVIDE (__end_data_RAM = .)
                [!provide]                PROVIDE (__end_data_SRAM = .)

.igot.plt       0x1ffffe04        0x0 load address 0x00002830
 .igot.plt      0x1ffffe04        0x0 ./startup/startup_mke02z4.o

.bss            0x1ffffe04       0xdc
                0x1ffffe04                _bss = .
                [!provide]                PROVIDE (__start_bss_RAM = .)
                [!provide]                PROVIDE (__start_bss_SRAM = .)
 *(SORT_BY_ALIGNMENT(.bss*))
 .bss.s_i2cHandle
                0x1ffffe04        0x4 ./drivers/fsl_i2c.o
 .bss.s_i2cMasterIsr
                0x1ffffe08        0x4 ./drivers/fsl_i2c.o
 .bss.s_i2cSlaveIsr
                0x1ffffe0c        0x4 ./drivers/fsl_i2c.o
 .bss.s_uartHandle
                0x1ffffe10        0xc ./drivers/fsl_uart.o
 .bss.s_uartIsr
                0x1ffffe1c        0x4 ./drivers/fsl_uart.o
 .bss.__Ciob    0x1ffffe20       0xb4 c:/softwares/mcuxpressoide/ide/plugins/com.nxp.mcuxpresso.tools.win32_11.1.0.202001081728/tools/bin/../lib/gcc/arm-none-eabi/8.3.1/../../../../arm-none-eabi/lib/thumb/v6-m/nofp\libcr_semihost_nf.a(__ciob.o)
                0x1ffffe20                __Ciob
 .bss.__end_of_heap
                0x1ffffed4        0x4 c:/softwares/mcuxpressoide/ide/plugins/com.nxp.mcuxpresso.tools.win32_11.1.0.202001081728/tools/bin/../lib/gcc/arm-none-eabi/8.3.1/../../../../arm-none-eabi/lib/thumb/v6-m/nofp\libcr_c.a(__init_alloc.o)
                0x1ffffed4                __end_of_heap
 .bss.__heaps   0x1ffffed8        0x4 c:/softwares/mcuxpressoide/ide/plugins/com.nxp.mcuxpresso.tools.win32_11.1.0.202001081728/tools/bin/../lib/gcc/arm-none-eabi/8.3.1/../../../../arm-none-eabi/lib/thumb/v6-m/nofp\libcr_c.a(__init_alloc.o)
                0x1ffffed8                __heaps
 .bss.errno     0x1ffffedc        0x4 c:/softwares/mcuxpressoide/ide/plugins/com.nxp.mcuxpresso.tools.win32_11.1.0.202001081728/tools/bin/../lib/gcc/arm-none-eabi/8.3.1/../../../../arm-none-eabi/lib/thumb/v6-m/nofp\libcr_c.a(errno.o)
                0x1ffffedc                errno
 *(SORT_BY_ALIGNMENT(COMMON))
                0x1ffffee0                . = ALIGN (0x4)
                0x1ffffee0                _ebss = .
                [!provide]                PROVIDE (__end_bss_RAM = .)
                [!provide]                PROVIDE (__end_bss_SRAM = .)
                [!provide]                PROVIDE (end = .)

.noinit         0x1ffffee0        0x0
                0x1ffffee0                _noinit = .
                [!provide]                PROVIDE (__start_noinit_RAM = .)
                [!provide]                PROVIDE (__start_noinit_SRAM = .)
 *(SORT_BY_ALIGNMENT(.noinit*))
                0x1ffffee0                . = ALIGN (0x4)
                0x1ffffee0                _end_noinit = .
                [!provide]                PROVIDE (__end_noinit_RAM = .)
                [!provide]                PROVIDE (__end_noinit_SRAM = .)
                0x00000080                _HeapSize = 0x80

.heap           0x1ffffee0       0x80
                0x1ffffee0                _pvHeapStart = .
                0x1fffff60                . = (. + _HeapSize)
 *fill*         0x1ffffee0       0x80 
                0x1fffff60                . = ALIGN (0x4)
                0x1fffff60                _pvHeapLimit = .
                0x00000080                _StackSize = 0x80

.heap2stackfill
                0x1fffff60       0x80
                0x1fffffe0                . = (. + _StackSize)
 *fill*         0x1fffff60       0x80 

.stack          0x20000580        0x0
                0x20000580                _vStackBase = .
                0x20000580                . = ALIGN (0x4)
                0x20000600                _vStackTop = (. + _StackSize)
                0x00000000                _image_start = LOADADDR (.text)
                0x00002830                _image_end = (LOADADDR (.data) + SIZEOF (.data))
                0x00002830                _image_size = (_image_end - _image_start)
OUTPUT(MKE02Z16xxx4_Project.axf elf32-littlearm)

.debug_info     0x00000000     0x695a
 .debug_info    0x00000000      0x49a ./startup/startup_mke02z4.o
 .debug_info    0x0000049a     0x105e ./source/MKE02Z16xxx4_Project.o
 .debug_info    0x000014f8       0x3c ./source/semihost_hardfault.o
 .debug_info    0x00001534      0xc80 ./drivers/fsl_clock.o
 .debug_info    0x000021b4     0x1c06 ./drivers/fsl_i2c.o
 .debug_info    0x00003dba      0x3e4 ./drivers/fsl_port.o
 .debug_info    0x0000419e     0x154a ./drivers/fsl_uart.o
 .debug_info    0x000056e8      0x2ff ./device/system_MKE02Z4.o
 .debug_info    0x000059e7      0x5e7 ./board/clock_config.o
 .debug_info    0x00005fce      0x6dc ./board/peripherals.o
 .debug_info    0x000066aa      0x2b0 ./board/pin_mux.o

.debug_abbrev   0x00000000     0x14d3
 .debug_abbrev  0x00000000      0x1ad ./startup/startup_mke02z4.o
 .debug_abbrev  0x000001ad      0x313 ./source/MKE02Z16xxx4_Project.o
 .debug_abbrev  0x000004c0       0x31 ./source/semihost_hardfault.o
 .debug_abbrev  0x000004f1      0x2ca ./drivers/fsl_clock.o
 .debug_abbrev  0x000007bb      0x388 ./drivers/fsl_i2c.o
 .debug_abbrev  0x00000b43      0x122 ./drivers/fsl_port.o
 .debug_abbrev  0x00000c65      0x323 ./drivers/fsl_uart.o
 .debug_abbrev  0x00000f88      0x16d ./device/system_MKE02Z4.o
 .debug_abbrev  0x000010f5      0x1a0 ./board/clock_config.o
 .debug_abbrev  0x00001295      0x140 ./board/peripherals.o
 .debug_abbrev  0x000013d5       0xfe ./board/pin_mux.o

.debug_aranges  0x00000000      0x6b0
 .debug_aranges
                0x00000000      0x148 ./startup/startup_mke02z4.o
 .debug_aranges
                0x00000148       0xa0 ./source/MKE02Z16xxx4_Project.o
 .debug_aranges
                0x000001e8       0x20 ./source/semihost_hardfault.o
 .debug_aranges
                0x00000208      0x100 ./drivers/fsl_clock.o
 .debug_aranges
                0x00000308      0x170 ./drivers/fsl_i2c.o
 .debug_aranges
                0x00000478       0x28 ./drivers/fsl_port.o
 .debug_aranges
                0x000004a0      0x140 ./drivers/fsl_uart.o
 .debug_aranges
                0x000005e0       0x30 ./device/system_MKE02Z4.o
 .debug_aranges
                0x00000610       0x38 ./board/clock_config.o
 .debug_aranges
                0x00000648       0x40 ./board/peripherals.o
 .debug_aranges
                0x00000688       0x28 ./board/pin_mux.o

.debug_ranges   0x00000000      0x600
 .debug_ranges  0x00000000      0x138 ./startup/startup_mke02z4.o
 .debug_ranges  0x00000138       0x90 ./source/MKE02Z16xxx4_Project.o
 .debug_ranges  0x000001c8       0x10 ./source/semihost_hardfault.o
 .debug_ranges  0x000001d8       0xf0 ./drivers/fsl_clock.o
 .debug_ranges  0x000002c8      0x160 ./drivers/fsl_i2c.o
 .debug_ranges  0x00000428       0x18 ./drivers/fsl_port.o
 .debug_ranges  0x00000440      0x130 ./drivers/fsl_uart.o
 .debug_ranges  0x00000570       0x20 ./device/system_MKE02Z4.o
 .debug_ranges  0x00000590       0x28 ./board/clock_config.o
 .debug_ranges  0x000005b8       0x30 ./board/peripherals.o
 .debug_ranges  0x000005e8       0x18 ./board/pin_mux.o

.debug_macro    0x00000000     0x60f9
 .debug_macro   0x00000000       0x29 ./startup/startup_mke02z4.o
 .debug_macro   0x00000029      0xaa8 ./startup/startup_mke02z4.o
 .debug_macro   0x00000ad1      0x16c ./source/MKE02Z16xxx4_Project.o
 .debug_macro   0x00000c3d       0x10 ./source/MKE02Z16xxx4_Project.o
 .debug_macro   0x00000c4d      0x12e ./source/MKE02Z16xxx4_Project.o
 .debug_macro   0x00000d7b       0xd8 ./source/MKE02Z16xxx4_Project.o
 .debug_macro   0x00000e53       0x10 ./source/MKE02Z16xxx4_Project.o
 .debug_macro   0x00000e63       0x16 ./source/MKE02Z16xxx4_Project.o
 .debug_macro   0x00000e79       0x22 ./source/MKE02Z16xxx4_Project.o
 .debug_macro   0x00000e9b      0x5b3 ./source/MKE02Z16xxx4_Project.o
 .debug_macro   0x0000144e       0x22 ./source/MKE02Z16xxx4_Project.o
 .debug_macro   0x00001470       0x10 ./source/MKE02Z16xxx4_Project.o
 .debug_macro   0x00001480       0x3f ./source/MKE02Z16xxx4_Project.o
 .debug_macro   0x000014bf       0x1c ./source/MKE02Z16xxx4_Project.o
 .debug_macro   0x000014db       0x22 ./source/MKE02Z16xxx4_Project.o
 .debug_macro   0x000014fd       0xae ./source/MKE02Z16xxx4_Project.o
 .debug_macro   0x000015ab      0x3ad ./source/MKE02Z16xxx4_Project.o
 .debug_macro   0x00001958       0x22 ./source/MKE02Z16xxx4_Project.o
 .debug_macro   0x0000197a     0x39af ./source/MKE02Z16xxx4_Project.o
 .debug_macro   0x00005329      0x389 ./source/MKE02Z16xxx4_Project.o
 .debug_macro   0x000056b2       0xd0 ./source/MKE02Z16xxx4_Project.o
 .debug_macro   0x00005782       0xa1 ./source/MKE02Z16xxx4_Project.o
 .debug_macro   0x00005823       0x22 ./source/MKE02Z16xxx4_Project.o
 .debug_macro   0x00005845       0x10 ./source/MKE02Z16xxx4_Project.o
 .debug_macro   0x00005855       0x2e ./source/MKE02Z16xxx4_Project.o
 .debug_macro   0x00005883       0x10 ./source/MKE02Z16xxx4_Project.o
 .debug_macro   0x00005893       0x10 ./source/MKE02Z16xxx4_Project.o
 .debug_macro   0x000058a3       0x11 ./source/semihost_hardfault.o
 .debug_macro   0x000058b4      0x129 ./drivers/fsl_clock.o
 .debug_macro   0x000059dd       0x1c ./drivers/fsl_clock.o
 .debug_macro   0x000059f9      0x102 ./drivers/fsl_i2c.o
 .debug_macro   0x00005afb       0x1c ./drivers/fsl_i2c.o
 .debug_macro   0x00005b17      0x10e ./drivers/fsl_port.o
 .debug_macro   0x00005c25       0x10 ./drivers/fsl_port.o
 .debug_macro   0x00005c35      0x109 ./drivers/fsl_uart.o
 .debug_macro   0x00005d3e       0x97 ./device/system_MKE02Z4.o
 .debug_macro   0x00005dd5       0xfd ./board/clock_config.o
 .debug_macro   0x00005ed2      0x112 ./board/peripherals.o
 .debug_macro   0x00005fe4       0xff ./board/pin_mux.o
 .debug_macro   0x000060e3       0x16 ./board/pin_mux.o

.debug_line     0x00000000     0x4582
 .debug_line    0x00000000      0x1d0 ./startup/startup_mke02z4.o
 .debug_line    0x000001d0      0x73a ./source/MKE02Z16xxx4_Project.o
 .debug_line    0x0000090a       0x5a ./source/semihost_hardfault.o
 .debug_line    0x00000964      0xa08 ./drivers/fsl_clock.o
 .debug_line    0x0000136c     0x135c ./drivers/fsl_i2c.o
 .debug_line    0x000026c8      0x37f ./drivers/fsl_port.o
 .debug_line    0x00002a47      0xe93 ./drivers/fsl_uart.o
 .debug_line    0x000038da      0x2fa ./device/system_MKE02Z4.o
 .debug_line    0x00003bd4      0x344 ./board/clock_config.o
 .debug_line    0x00003f18      0x35f ./board/peripherals.o
 .debug_line    0x00004277      0x30b ./board/pin_mux.o

.debug_str      0x00000000    0x256e1
 .debug_str     0x00000000     0x3153 ./startup/startup_mke02z4.o
                               0x3186 (size before relaxing)
 .debug_str     0x00003153    0x200d4 ./source/MKE02Z16xxx4_Project.o
                              0x230a4 (size before relaxing)
 .debug_str     0x00023227       0x1f ./source/semihost_hardfault.o
                               0x2d9e (size before relaxing)
 .debug_str     0x00023246      0x779 ./drivers/fsl_clock.o
                              0x228a2 (size before relaxing)
 .debug_str     0x000239bf      0xcf0 ./drivers/fsl_i2c.o
                              0x230d6 (size before relaxing)
 .debug_str     0x000246af      0x4f4 ./drivers/fsl_port.o
                              0x21d04 (size before relaxing)
 .debug_str     0x00024ba3      0x9b6 ./drivers/fsl_uart.o
                              0x22f74 (size before relaxing)
 .debug_str     0x00025559       0xaa ./device/system_MKE02Z4.o
                              0x20bd0 (size before relaxing)
 .debug_str     0x00025603       0x42 ./board/clock_config.o
                              0x221bf (size before relaxing)
 .debug_str     0x00025645       0x67 ./board/peripherals.o
                              0x2248c (size before relaxing)
 .debug_str     0x000256ac       0x35 ./board/pin_mux.o
                              0x21be6 (size before relaxing)

.comment        0x00000000       0x76
 .comment       0x00000000       0x76 ./startup/startup_mke02z4.o
                                 0x77 (size before relaxing)
 .comment       0x00000076       0x77 ./source/MKE02Z16xxx4_Project.o
 .comment       0x00000076       0x77 ./source/semihost_hardfault.o
 .comment       0x00000076       0x77 ./drivers/fsl_clock.o
 .comment       0x00000076       0x77 ./drivers/fsl_i2c.o
 .comment       0x00000076       0x77 ./drivers/fsl_port.o
 .comment       0x00000076       0x77 ./drivers/fsl_uart.o
 .comment       0x00000076       0x77 ./device/system_MKE02Z4.o
 .comment       0x00000076       0x77 ./board/clock_config.o
 .comment       0x00000076       0x77 ./board/peripherals.o
 .comment       0x00000076       0x77 ./board/pin_mux.o
 .comment       0x00000076       0x77 c:/softwares/mcuxpressoide/ide/plugins/com.nxp.mcuxpresso.tools.win32_11.1.0.202001081728/tools/bin/../lib/gcc/arm-none-eabi/8.3.1/../../../../arm-none-eabi/lib/thumb/v6-m/nofp\libcr_semihost_nf.a(_cr__main.o)
 .comment       0x00000076       0x77 c:/softwares/mcuxpressoide/ide/plugins/com.nxp.mcuxpresso.tools.win32_11.1.0.202001081728/tools/bin/../lib/gcc/arm-none-eabi/8.3.1/../../../../arm-none-eabi/lib/thumb/v6-m/nofp\libcr_semihost_nf.a(_cr_assert.o)
 .comment       0x00000076       0x77 c:/softwares/mcuxpressoide/ide/plugins/com.nxp.mcuxpresso.tools.win32_11.1.0.202001081728/tools/bin/../lib/gcc/arm-none-eabi/8.3.1/../../../../arm-none-eabi/lib/thumb/v6-m/nofp\libcr_semihost_nf.a(__ciob.o)
 .comment       0x00000076       0x77 c:/softwares/mcuxpressoide/ide/plugins/com.nxp.mcuxpresso.tools.win32_11.1.0.202001081728/tools/bin/../lib/gcc/arm-none-eabi/8.3.1/../../../../arm-none-eabi/lib/thumb/v6-m/nofp\libcr_c.a(memset.o)
 .comment       0x00000076       0x77 c:/softwares/mcuxpressoide/ide/plugins/com.nxp.mcuxpresso.tools.win32_11.1.0.202001081728/tools/bin/../lib/gcc/arm-none-eabi/8.3.1/../../../../arm-none-eabi/lib/thumb/v6-m/nofp\libcr_c.a(_deferredlazyseek.o)
 .comment       0x00000076       0x77 c:/softwares/mcuxpressoide/ide/plugins/com.nxp.mcuxpresso.tools.win32_11.1.0.202001081728/tools/bin/../lib/gcc/arm-none-eabi/8.3.1/../../../../arm-none-eabi/lib/thumb/v6-m/nofp\libcr_c.a(_fflush.o)
 .comment       0x00000076       0x77 c:/softwares/mcuxpressoide/ide/plugins/com.nxp.mcuxpresso.tools.win32_11.1.0.202001081728/tools/bin/../lib/gcc/arm-none-eabi/8.3.1/../../../../arm-none-eabi/lib/thumb/v6-m/nofp\libcr_c.a(_writebuf.o)
 .comment       0x00000076       0x77 c:/softwares/mcuxpressoide/ide/plugins/com.nxp.mcuxpresso.tools.win32_11.1.0.202001081728/tools/bin/../lib/gcc/arm-none-eabi/8.3.1/../../../../arm-none-eabi/lib/thumb/v6-m/nofp\libcr_c.a(alloc.o)
 .comment       0x00000076       0x77 c:/softwares/mcuxpressoide/ide/plugins/com.nxp.mcuxpresso.tools.win32_11.1.0.202001081728/tools/bin/../lib/gcc/arm-none-eabi/8.3.1/../../../../arm-none-eabi/lib/thumb/v6-m/nofp\libcr_c.a(fputs.o)
 .comment       0x00000076       0x77 c:/softwares/mcuxpressoide/ide/plugins/com.nxp.mcuxpresso.tools.win32_11.1.0.202001081728/tools/bin/../lib/gcc/arm-none-eabi/8.3.1/../../../../arm-none-eabi/lib/thumb/v6-m/nofp\libcr_c.a(fseek.o)
 .comment       0x00000076       0x77 c:/softwares/mcuxpressoide/ide/plugins/com.nxp.mcuxpresso.tools.win32_11.1.0.202001081728/tools/bin/../lib/gcc/arm-none-eabi/8.3.1/../../../../arm-none-eabi/lib/thumb/v6-m/nofp\libcr_c.a(ftell.o)
 .comment       0x00000076       0x77 c:/softwares/mcuxpressoide/ide/plugins/com.nxp.mcuxpresso.tools.win32_11.1.0.202001081728/tools/bin/../lib/gcc/arm-none-eabi/8.3.1/../../../../arm-none-eabi/lib/thumb/v6-m/nofp\libcr_c.a(initio.o)
 .comment       0x00000076       0x77 c:/softwares/mcuxpressoide/ide/plugins/com.nxp.mcuxpresso.tools.win32_11.1.0.202001081728/tools/bin/../lib/gcc/arm-none-eabi/8.3.1/../../../../arm-none-eabi/lib/thumb/v6-m/nofp\libcr_c.a(setvbuf.o)
 .comment       0x00000076       0x77 c:/softwares/mcuxpressoide/ide/plugins/com.nxp.mcuxpresso.tools.win32_11.1.0.202001081728/tools/bin/../lib/gcc/arm-none-eabi/8.3.1/../../../../arm-none-eabi/lib/thumb/v6-m/nofp\libcr_c.a(__init_alloc.o)
 .comment       0x00000076       0x77 c:/softwares/mcuxpressoide/ide/plugins/com.nxp.mcuxpresso.tools.win32_11.1.0.202001081728/tools/bin/../lib/gcc/arm-none-eabi/8.3.1/../../../../arm-none-eabi/lib/thumb/v6-m/nofp\libcr_c.a(_cr_sbrk.o)
 .comment       0x00000076       0x77 c:/softwares/mcuxpressoide/ide/plugins/com.nxp.mcuxpresso.tools.win32_11.1.0.202001081728/tools/bin/../lib/gcc/arm-none-eabi/8.3.1/../../../../arm-none-eabi/lib/thumb/v6-m/nofp\libcr_c.a(_fdopen.o)
 .comment       0x00000076       0x77 c:/softwares/mcuxpressoide/ide/plugins/com.nxp.mcuxpresso.tools.win32_11.1.0.202001081728/tools/bin/../lib/gcc/arm-none-eabi/8.3.1/../../../../arm-none-eabi/lib/thumb/v6-m/nofp\libcr_c.a(errno.o)
 .comment       0x00000076       0x77 c:/softwares/mcuxpressoide/ide/plugins/com.nxp.mcuxpresso.tools.win32_11.1.0.202001081728/tools/bin/../lib/gcc/arm-none-eabi/8.3.1/../../../../arm-none-eabi/lib/thumb/v6-m/nofp\libcr_c.a(fclose.o)
 .comment       0x00000076       0x77 c:/softwares/mcuxpressoide/ide/plugins/com.nxp.mcuxpresso.tools.win32_11.1.0.202001081728/tools/bin/../lib/gcc/arm-none-eabi/8.3.1/../../../../arm-none-eabi/lib/thumb/v6-m/nofp\libcr_c.a(fflush.o)
 .comment       0x00000076       0x77 c:/softwares/mcuxpressoide/ide/plugins/com.nxp.mcuxpresso.tools.win32_11.1.0.202001081728/tools/bin/../lib/gcc/arm-none-eabi/8.3.1/../../../../arm-none-eabi/lib/thumb/v6-m/nofp\libcr_c.a(remove.o)
 .comment       0x00000076       0x77 c:/softwares/mcuxpressoide/ide/plugins/com.nxp.mcuxpresso.tools.win32_11.1.0.202001081728/tools/bin/../lib/gcc/arm-none-eabi/8.3.1/../../../../arm-none-eabi/lib/thumb/v6-m/nofp\libcr_c.a(strlen.o)
 .comment       0x00000076       0x77 c:/softwares/mcuxpressoide/ide/plugins/com.nxp.mcuxpresso.tools.win32_11.1.0.202001081728/tools/bin/../lib/gcc/arm-none-eabi/8.3.1/../../../../arm-none-eabi/lib/thumb/v6-m/nofp\libcr_c.a(_cr_check_heap.o)
 .comment       0x00000076       0x77 c:/softwares/mcuxpressoide/ide/plugins/com.nxp.mcuxpresso.tools.win32_11.1.0.202001081728/tools/bin/../lib/gcc/arm-none-eabi/8.3.1/../../../../arm-none-eabi/lib/thumb/v6-m/nofp\libcr_c.a(_do_fflush.o)
 .comment       0x00000076       0x77 c:/softwares/mcuxpressoide/ide/plugins/com.nxp.mcuxpresso.tools.win32_11.1.0.202001081728/tools/bin/../lib/gcc/arm-none-eabi/8.3.1/thumb/v6-m/nofp\libcr_eabihelpers.a(float.o)

.ARM.attributes
                0x00000000       0x2a
 .ARM.attributes
                0x00000000       0x2c ./startup/startup_mke02z4.o
 .ARM.attributes
                0x0000002c       0x2c ./source/MKE02Z16xxx4_Project.o
 .ARM.attributes
                0x00000058       0x2c ./source/semihost_hardfault.o
 .ARM.attributes
                0x00000084       0x2c ./drivers/fsl_clock.o
 .ARM.attributes
                0x000000b0       0x2c ./drivers/fsl_i2c.o
 .ARM.attributes
                0x000000dc       0x2c ./drivers/fsl_port.o
 .ARM.attributes
                0x00000108       0x2c ./drivers/fsl_uart.o
 .ARM.attributes
                0x00000134       0x2c ./device/system_MKE02Z4.o
 .ARM.attributes
                0x00000160       0x2c ./board/clock_config.o
 .ARM.attributes
                0x0000018c       0x2c ./board/peripherals.o
 .ARM.attributes
                0x000001b8       0x2c ./board/pin_mux.o
 .ARM.attributes
                0x000001e4       0x2c c:/softwares/mcuxpressoide/ide/plugins/com.nxp.mcuxpresso.tools.win32_11.1.0.202001081728/tools/bin/../lib/gcc/arm-none-eabi/8.3.1/../../../../arm-none-eabi/lib/thumb/v6-m/nofp\libcr_semihost_nf.a(_cr__main.o)
 .ARM.attributes
                0x00000210       0x2c c:/softwares/mcuxpressoide/ide/plugins/com.nxp.mcuxpresso.tools.win32_11.1.0.202001081728/tools/bin/../lib/gcc/arm-none-eabi/8.3.1/../../../../arm-none-eabi/lib/thumb/v6-m/nofp\libcr_semihost_nf.a(_cr_assert.o)
 .ARM.attributes
                0x0000023c       0x31 c:/softwares/mcuxpressoide/ide/plugins/com.nxp.mcuxpresso.tools.win32_11.1.0.202001081728/tools/bin/../lib/gcc/arm-none-eabi/8.3.1/../../../../arm-none-eabi/lib/thumb/v6-m/nofp\libcr_semihost_nf.a(__ciob.o)
 .ARM.attributes
                0x0000026d       0x1c c:/softwares/mcuxpressoide/ide/plugins/com.nxp.mcuxpresso.tools.win32_11.1.0.202001081728/tools/bin/../lib/gcc/arm-none-eabi/8.3.1/../../../../arm-none-eabi/lib/thumb/v6-m/nofp\libcr_semihost_nf.a(__sys_appexit.o)
 .ARM.attributes
                0x00000289       0x2c c:/softwares/mcuxpressoide/ide/plugins/com.nxp.mcuxpresso.tools.win32_11.1.0.202001081728/tools/bin/../lib/gcc/arm-none-eabi/8.3.1/../../../../arm-none-eabi/lib/thumb/v6-m/nofp\libcr_c.a(memset.o)
 .ARM.attributes
                0x000002b5       0x2c c:/softwares/mcuxpressoide/ide/plugins/com.nxp.mcuxpresso.tools.win32_11.1.0.202001081728/tools/bin/../lib/gcc/arm-none-eabi/8.3.1/../../../../arm-none-eabi/lib/thumb/v6-m/nofp\libcr_c.a(_deferredlazyseek.o)
 .ARM.attributes
                0x000002e1       0x2c c:/softwares/mcuxpressoide/ide/plugins/com.nxp.mcuxpresso.tools.win32_11.1.0.202001081728/tools/bin/../lib/gcc/arm-none-eabi/8.3.1/../../../../arm-none-eabi/lib/thumb/v6-m/nofp\libcr_c.a(_fflush.o)
 .ARM.attributes
                0x0000030d       0x2c c:/softwares/mcuxpressoide/ide/plugins/com.nxp.mcuxpresso.tools.win32_11.1.0.202001081728/tools/bin/../lib/gcc/arm-none-eabi/8.3.1/../../../../arm-none-eabi/lib/thumb/v6-m/nofp\libcr_c.a(_writebuf.o)
 .ARM.attributes
                0x00000339       0x2c c:/softwares/mcuxpressoide/ide/plugins/com.nxp.mcuxpresso.tools.win32_11.1.0.202001081728/tools/bin/../lib/gcc/arm-none-eabi/8.3.1/../../../../arm-none-eabi/lib/thumb/v6-m/nofp\libcr_c.a(alloc.o)
 .ARM.attributes
                0x00000365       0x2c c:/softwares/mcuxpressoide/ide/plugins/com.nxp.mcuxpresso.tools.win32_11.1.0.202001081728/tools/bin/../lib/gcc/arm-none-eabi/8.3.1/../../../../arm-none-eabi/lib/thumb/v6-m/nofp\libcr_c.a(fputs.o)
 .ARM.attributes
                0x00000391       0x2c c:/softwares/mcuxpressoide/ide/plugins/com.nxp.mcuxpresso.tools.win32_11.1.0.202001081728/tools/bin/../lib/gcc/arm-none-eabi/8.3.1/../../../../arm-none-eabi/lib/thumb/v6-m/nofp\libcr_c.a(fseek.o)
 .ARM.attributes
                0x000003bd       0x2c c:/softwares/mcuxpressoide/ide/plugins/com.nxp.mcuxpresso.tools.win32_11.1.0.202001081728/tools/bin/../lib/gcc/arm-none-eabi/8.3.1/../../../../arm-none-eabi/lib/thumb/v6-m/nofp\libcr_c.a(ftell.o)
 .ARM.attributes
                0x000003e9       0x2c c:/softwares/mcuxpressoide/ide/plugins/com.nxp.mcuxpresso.tools.win32_11.1.0.202001081728/tools/bin/../lib/gcc/arm-none-eabi/8.3.1/../../../../arm-none-eabi/lib/thumb/v6-m/nofp\libcr_c.a(initio.o)
 .ARM.attributes
                0x00000415       0x2c c:/softwares/mcuxpressoide/ide/plugins/com.nxp.mcuxpresso.tools.win32_11.1.0.202001081728/tools/bin/../lib/gcc/arm-none-eabi/8.3.1/../../../../arm-none-eabi/lib/thumb/v6-m/nofp\libcr_c.a(setvbuf.o)
 .ARM.attributes
                0x00000441       0x2c c:/softwares/mcuxpressoide/ide/plugins/com.nxp.mcuxpresso.tools.win32_11.1.0.202001081728/tools/bin/../lib/gcc/arm-none-eabi/8.3.1/../../../../arm-none-eabi/lib/thumb/v6-m/nofp\libcr_c.a(__init_alloc.o)
 .ARM.attributes
                0x0000046d       0x2c c:/softwares/mcuxpressoide/ide/plugins/com.nxp.mcuxpresso.tools.win32_11.1.0.202001081728/tools/bin/../lib/gcc/arm-none-eabi/8.3.1/../../../../arm-none-eabi/lib/thumb/v6-m/nofp\libcr_c.a(_cr_sbrk.o)
 .ARM.attributes
                0x00000499       0x2c c:/softwares/mcuxpressoide/ide/plugins/com.nxp.mcuxpresso.tools.win32_11.1.0.202001081728/tools/bin/../lib/gcc/arm-none-eabi/8.3.1/../../../../arm-none-eabi/lib/thumb/v6-m/nofp\libcr_c.a(_fdopen.o)
 .ARM.attributes
                0x000004c5       0x31 c:/softwares/mcuxpressoide/ide/plugins/com.nxp.mcuxpresso.tools.win32_11.1.0.202001081728/tools/bin/../lib/gcc/arm-none-eabi/8.3.1/../../../../arm-none-eabi/lib/thumb/v6-m/nofp\libcr_c.a(errno.o)
 .ARM.attributes
                0x000004f6       0x2c c:/softwares/mcuxpressoide/ide/plugins/com.nxp.mcuxpresso.tools.win32_11.1.0.202001081728/tools/bin/../lib/gcc/arm-none-eabi/8.3.1/../../../../arm-none-eabi/lib/thumb/v6-m/nofp\libcr_c.a(fclose.o)
 .ARM.attributes
                0x00000522       0x2c c:/softwares/mcuxpressoide/ide/plugins/com.nxp.mcuxpresso.tools.win32_11.1.0.202001081728/tools/bin/../lib/gcc/arm-none-eabi/8.3.1/../../../../arm-none-eabi/lib/thumb/v6-m/nofp\libcr_c.a(fflush.o)
 .ARM.attributes
                0x0000054e       0x2c c:/softwares/mcuxpressoide/ide/plugins/com.nxp.mcuxpresso.tools.win32_11.1.0.202001081728/tools/bin/../lib/gcc/arm-none-eabi/8.3.1/../../../../arm-none-eabi/lib/thumb/v6-m/nofp\libcr_c.a(remove.o)
 .ARM.attributes
                0x0000057a       0x2c c:/softwares/mcuxpressoide/ide/plugins/com.nxp.mcuxpresso.tools.win32_11.1.0.202001081728/tools/bin/../lib/gcc/arm-none-eabi/8.3.1/../../../../arm-none-eabi/lib/thumb/v6-m/nofp\libcr_c.a(strlen.o)
 .ARM.attributes
                0x000005a6       0x2c c:/softwares/mcuxpressoide/ide/plugins/com.nxp.mcuxpresso.tools.win32_11.1.0.202001081728/tools/bin/../lib/gcc/arm-none-eabi/8.3.1/../../../../arm-none-eabi/lib/thumb/v6-m/nofp\libcr_c.a(_cr_check_heap.o)
 .ARM.attributes
                0x000005d2       0x2c c:/softwares/mcuxpressoide/ide/plugins/com.nxp.mcuxpresso.tools.win32_11.1.0.202001081728/tools/bin/../lib/gcc/arm-none-eabi/8.3.1/../../../../arm-none-eabi/lib/thumb/v6-m/nofp\libcr_c.a(_do_fflush.o)
 .ARM.attributes
                0x000005fe       0x1c c:/softwares/mcuxpressoide/ide/plugins/com.nxp.mcuxpresso.tools.win32_11.1.0.202001081728/tools/bin/../lib/gcc/arm-none-eabi/8.3.1/thumb/v6-m/nofp\libcr_eabihelpers.a(division_32.o)
 .ARM.attributes
                0x0000061a       0x1c c:/softwares/mcuxpressoide/ide/plugins/com.nxp.mcuxpresso.tools.win32_11.1.0.202001081728/tools/bin/../lib/gcc/arm-none-eabi/8.3.1/thumb/v6-m/nofp\libcr_eabihelpers.a(division_idiv0.o)
 .ARM.attributes
                0x00000636       0x2c c:/softwares/mcuxpressoide/ide/plugins/com.nxp.mcuxpresso.tools.win32_11.1.0.202001081728/tools/bin/../lib/gcc/arm-none-eabi/8.3.1/thumb/v6-m/nofp\libcr_eabihelpers.a(float.o)
 .ARM.attributes
                0x00000662       0x1c c:/softwares/mcuxpressoide/ide/plugins/com.nxp.mcuxpresso.tools.win32_11.1.0.202001081728/tools/bin/../lib/gcc/arm-none-eabi/8.3.1/thumb/v6-m/nofp\libcr_eabihelpers.a(llong.o)
 .ARM.attributes
                0x0000067e       0x1c c:/softwares/mcuxpressoide/ide/plugins/com.nxp.mcuxpresso.tools.win32_11.1.0.202001081728/tools/bin/../lib/gcc/arm-none-eabi/8.3.1/thumb/v6-m/nofp\libcr_eabihelpers.a(memcpy.o)
 .ARM.attributes
                0x0000069a       0x1c c:/softwares/mcuxpressoide/ide/plugins/com.nxp.mcuxpresso.tools.win32_11.1.0.202001081728/tools/bin/../lib/gcc/arm-none-eabi/8.3.1/../../../../arm-none-eabi/lib/thumb/v6-m/nofp\libcr_semihost_nf.a(__sys_close.o)
 .ARM.attributes
                0x000006b6       0x1c c:/softwares/mcuxpressoide/ide/plugins/com.nxp.mcuxpresso.tools.win32_11.1.0.202001081728/tools/bin/../lib/gcc/arm-none-eabi/8.3.1/../../../../arm-none-eabi/lib/thumb/v6-m/nofp\libcr_semihost_nf.a(__sys_flen.o)
 .ARM.attributes
                0x000006d2       0x1c c:/softwares/mcuxpressoide/ide/plugins/com.nxp.mcuxpresso.tools.win32_11.1.0.202001081728/tools/bin/../lib/gcc/arm-none-eabi/8.3.1/../../../../arm-none-eabi/lib/thumb/v6-m/nofp\libcr_semihost_nf.a(__sys_istty.o)
 .ARM.attributes
                0x000006ee       0x1c c:/softwares/mcuxpressoide/ide/plugins/com.nxp.mcuxpresso.tools.win32_11.1.0.202001081728/tools/bin/../lib/gcc/arm-none-eabi/8.3.1/../../../../arm-none-eabi/lib/thumb/v6-m/nofp\libcr_semihost_nf.a(__sys_remove.o)
 .ARM.attributes
                0x0000070a       0x1c c:/softwares/mcuxpressoide/ide/plugins/com.nxp.mcuxpresso.tools.win32_11.1.0.202001081728/tools/bin/../lib/gcc/arm-none-eabi/8.3.1/../../../../arm-none-eabi/lib/thumb/v6-m/nofp\libcr_semihost_nf.a(__sys_seek.o)
 .ARM.attributes
                0x00000726       0x1c c:/softwares/mcuxpressoide/ide/plugins/com.nxp.mcuxpresso.tools.win32_11.1.0.202001081728/tools/bin/../lib/gcc/arm-none-eabi/8.3.1/../../../../arm-none-eabi/lib/thumb/v6-m/nofp\libcr_semihost_nf.a(__sys_tmpnam.o)
 .ARM.attributes
                0x00000742       0x1c c:/softwares/mcuxpressoide/ide/plugins/com.nxp.mcuxpresso.tools.win32_11.1.0.202001081728/tools/bin/../lib/gcc/arm-none-eabi/8.3.1/../../../../arm-none-eabi/lib/thumb/v6-m/nofp\libcr_semihost_nf.a(__sys_write.o)

.debug_frame    0x00000000     0x1588
 .debug_frame   0x00000000      0x368 ./startup/startup_mke02z4.o
 .debug_frame   0x00000368      0x22c ./source/MKE02Z16xxx4_Project.o
 .debug_frame   0x00000594       0x20 ./source/semihost_hardfault.o
 .debug_frame   0x000005b4      0x3a8 ./drivers/fsl_clock.o
 .debug_frame   0x0000095c      0x570 ./drivers/fsl_i2c.o
 .debug_frame   0x00000ecc       0x50 ./drivers/fsl_port.o
 .debug_frame   0x00000f1c      0x49c ./drivers/fsl_uart.o
 .debug_frame   0x000013b8       0x68 ./device/system_MKE02Z4.o
 .debug_frame   0x00001420       0x84 ./board/clock_config.o
 .debug_frame   0x000014a4       0x9c ./board/peripherals.o
 .debug_frame   0x00001540       0x48 ./board/pin_mux.o

Cross Reference Table

Symbol                                            File
ACMP0_DriverIRQHandler                            ./startup/startup_mke02z4.o
ACMP0_IRQHandler                                  ./startup/startup_mke02z4.o
ACMP1_DriverIRQHandler                            ./startup/startup_mke02z4.o
ACMP1_IRQHandler                                  ./startup/startup_mke02z4.o
ADC_DriverIRQHandler                              ./startup/startup_mke02z4.o
ADC_IRQHandler                                    ./startup/startup_mke02z4.o
BOARD_BootClockRUN                                ./board/clock_config.o
BOARD_InitBootClocks                              ./board/clock_config.o
                                                  ./source/MKE02Z16xxx4_Project.o
BOARD_InitBootPeripherals                         ./board/peripherals.o
                                                  ./source/MKE02Z16xxx4_Project.o
BOARD_InitBootPins                                ./board/pin_mux.o
                                                  ./source/MKE02Z16xxx4_Project.o
BOARD_InitDebugConsole                            ./board/board.o
BOARD_InitPeripherals                             ./board/peripherals.o
BOARD_InitPins                                    ./board/pin_mux.o
CLOCK_BootToBelpMode                              ./drivers/fsl_clock.o
CLOCK_BootToBilpMode                              ./drivers/fsl_clock.o
CLOCK_BootToFeeMode                               ./drivers/fsl_clock.o
CLOCK_BootToFeiMode                               ./drivers/fsl_clock.o
                                                  ./board/clock_config.o
CLOCK_DeinitOsc0                                  ./drivers/fsl_clock.o
CLOCK_GetBusClkFreq                               ./drivers/fsl_clock.o
CLOCK_GetCoreSysClkFreq                           ./drivers/fsl_clock.o
CLOCK_GetFlashClkFreq                             ./drivers/fsl_clock.o
CLOCK_GetFllFreq                                  ./drivers/fsl_clock.o
CLOCK_GetFreq                                     ./drivers/fsl_clock.o
CLOCK_GetICSFixedFreqClkFreq                      ./drivers/fsl_clock.o
CLOCK_GetICSOutClkFreq                            ./drivers/fsl_clock.o
CLOCK_GetInternalRefClkFreq                       ./drivers/fsl_clock.o
CLOCK_GetMode                                     ./drivers/fsl_clock.o
CLOCK_GetOsc0ErClkFreq                            ./drivers/fsl_clock.o
CLOCK_InitOsc0                                    ./drivers/fsl_clock.o
CLOCK_SetBelpMode                                 ./drivers/fsl_clock.o
CLOCK_SetBilpMode                                 ./drivers/fsl_clock.o
CLOCK_SetFbeMode                                  ./drivers/fsl_clock.o
CLOCK_SetFbiMode                                  ./drivers/fsl_clock.o
CLOCK_SetFeeMode                                  ./drivers/fsl_clock.o
CLOCK_SetFeiMode                                  ./drivers/fsl_clock.o
CLOCK_SetIcsConfig                                ./drivers/fsl_clock.o
CLOCK_SetSimConfig                                ./drivers/fsl_clock.o
                                                  ./board/clock_config.o
ConvertToString                                   ./source/MKE02Z16xxx4_Project.o
FGPIO_PinInit                                     ./drivers/fsl_gpio.o
FGPIO_PinRead                                     ./drivers/fsl_gpio.o
FGPIO_PinWrite                                    ./drivers/fsl_gpio.o
FGPIO_PortClear                                   ./drivers/fsl_gpio.o
FGPIO_PortSet                                     ./drivers/fsl_gpio.o
FGPIO_PortToggle                                  ./drivers/fsl_gpio.o
FTM0_DriverIRQHandler                             ./startup/startup_mke02z4.o
FTM0_IRQHandler                                   ./startup/startup_mke02z4.o
FTM1_DriverIRQHandler                             ./startup/startup_mke02z4.o
FTM1_IRQHandler                                   ./startup/startup_mke02z4.o
FTM2_DriverIRQHandler                             ./startup/startup_mke02z4.o
FTM2_IRQHandler                                   ./startup/startup_mke02z4.o
FTMRH_DriverIRQHandler                            ./startup/startup_mke02z4.o
FTMRH_IRQHandler                                  ./startup/startup_mke02z4.o
Flash_Config                                      ./startup/startup_mke02z4.o
GPIO_PinInit                                      ./drivers/fsl_gpio.o
GPIO_PinRead                                      ./drivers/fsl_gpio.o
GPIO_PinWrite                                     ./drivers/fsl_gpio.o
GPIO_PortClear                                    ./drivers/fsl_gpio.o
GPIO_PortSet                                      ./drivers/fsl_gpio.o
GPIO_PortToggle                                   ./drivers/fsl_gpio.o
HardFault_Handler                                 ./source/semihost_hardfault.o
                                                  ./startup/startup_mke02z4.o
I2C0_DriverIRQHandler                             ./drivers/fsl_i2c.o
                                                  ./startup/startup_mke02z4.o
I2C0_IRQHandler                                   ./startup/startup_mke02z4.o
I2C0_config                                       ./board/peripherals.o
I2C0_init                                         ./board/peripherals.o
I2C_DisableInterrupts                             ./drivers/fsl_i2c.o
I2C_EnableInterrupts                              ./drivers/fsl_i2c.o
I2C_GetInstance                                   ./drivers/fsl_i2c.o
I2C_MasterDeinit                                  ./drivers/fsl_i2c.o
I2C_MasterGetDefaultConfig                        ./drivers/fsl_i2c.o
I2C_MasterGetStatusFlags                          ./drivers/fsl_i2c.o
I2C_MasterInit                                    ./drivers/fsl_i2c.o
                                                  ./board/peripherals.o
I2C_MasterReadBlocking                            ./drivers/fsl_i2c.o
I2C_MasterRepeatedStart                           ./drivers/fsl_i2c.o
I2C_MasterSetBaudRate                             ./drivers/fsl_i2c.o
I2C_MasterStart                                   ./drivers/fsl_i2c.o
I2C_MasterStop                                    ./drivers/fsl_i2c.o
I2C_MasterTransferAbort                           ./drivers/fsl_i2c.o
I2C_MasterTransferBlocking                        ./drivers/fsl_i2c.o
                                                  ./source/MKE02Z16xxx4_Project.o
I2C_MasterTransferCreateHandle                    ./drivers/fsl_i2c.o
I2C_MasterTransferGetCount                        ./drivers/fsl_i2c.o
I2C_MasterTransferHandleIRQ                       ./drivers/fsl_i2c.o
I2C_MasterTransferNonBlocking                     ./drivers/fsl_i2c.o
I2C_MasterWriteBlocking                           ./drivers/fsl_i2c.o
I2C_SlaveDeinit                                   ./drivers/fsl_i2c.o
I2C_SlaveGetDefaultConfig                         ./drivers/fsl_i2c.o
I2C_SlaveInit                                     ./drivers/fsl_i2c.o
I2C_SlaveReadBlocking                             ./drivers/fsl_i2c.o
I2C_SlaveTransferAbort                            ./drivers/fsl_i2c.o
I2C_SlaveTransferCreateHandle                     ./drivers/fsl_i2c.o
I2C_SlaveTransferGetCount                         ./drivers/fsl_i2c.o
I2C_SlaveTransferHandleIRQ                        ./drivers/fsl_i2c.o
I2C_SlaveTransferNonBlocking                      ./drivers/fsl_i2c.o
I2C_SlaveWriteBlocking                            ./drivers/fsl_i2c.o
I2C_Wait                                          ./source/MKE02Z16xxx4_Project.o
ICS_DriverIRQHandler                              ./startup/startup_mke02z4.o
ICS_IRQHandler                                    ./startup/startup_mke02z4.o
IRQ_DriverIRQHandler                              ./startup/startup_mke02z4.o
IRQ_IRQHandler                                    ./startup/startup_mke02z4.o
IntDefaultHandler                                 ./startup/startup_mke02z4.o
KBI0_DriverIRQHandler                             ./startup/startup_mke02z4.o
KBI0_IRQHandler                                   ./startup/startup_mke02z4.o
KBI1_DriverIRQHandler                             ./startup/startup_mke02z4.o
KBI1_IRQHandler                                   ./startup/startup_mke02z4.o
NMI_Handler                                       ./startup/startup_mke02z4.o
PIT_CH0_DriverIRQHandler                          ./startup/startup_mke02z4.o
PIT_CH0_IRQHandler                                ./startup/startup_mke02z4.o
PIT_CH1_DriverIRQHandler                          ./startup/startup_mke02z4.o
PIT_CH1_IRQHandler                                ./startup/startup_mke02z4.o
PMC_DriverIRQHandler                              ./startup/startup_mke02z4.o
PMC_IRQHandler                                    ./startup/startup_mke02z4.o
PORT_SetPinPullUpEnable                           ./drivers/fsl_port.o
PORT_SetPinSelect                                 ./drivers/fsl_port.o
                                                  ./board/pin_mux.o
PendSV_Handler                                    ./startup/startup_mke02z4.o
RTC_DriverIRQHandler                              ./startup/startup_mke02z4.o
RTC_IRQHandler                                    ./startup/startup_mke02z4.o
Reserved16_DriverIRQHandler                       ./startup/startup_mke02z4.o
Reserved16_IRQHandler                             ./startup/startup_mke02z4.o
Reserved17_DriverIRQHandler                       ./startup/startup_mke02z4.o
Reserved17_IRQHandler                             ./startup/startup_mke02z4.o
Reserved18_DriverIRQHandler                       ./startup/startup_mke02z4.o
Reserved18_IRQHandler                             ./startup/startup_mke02z4.o
Reserved19_DriverIRQHandler                       ./startup/startup_mke02z4.o
Reserved19_IRQHandler                             ./startup/startup_mke02z4.o
Reserved20_DriverIRQHandler                       ./startup/startup_mke02z4.o
Reserved20_IRQHandler                             ./startup/startup_mke02z4.o
Reserved25_DriverIRQHandler                       ./startup/startup_mke02z4.o
Reserved25_IRQHandler                             ./startup/startup_mke02z4.o
Reserved42_DriverIRQHandler                       ./startup/startup_mke02z4.o
Reserved42_IRQHandler                             ./startup/startup_mke02z4.o
ResetISR                                          ./startup/startup_mke02z4.o
SDK_DelayAtLeastUs                                ./drivers/fsl_common.o
SDK_Free                                          ./drivers/fsl_common.o
SDK_Malloc                                        ./drivers/fsl_common.o
SHTC3_humidCal                                    ./source/MKE02Z16xxx4_Project.o
SHTC3_readData                                    ./source/MKE02Z16xxx4_Project.o
SHTC3_sendCommand                                 ./source/MKE02Z16xxx4_Project.o
SHTC3_singleRead                                  ./source/MKE02Z16xxx4_Project.o
SHTC3_tempCal                                     ./source/MKE02Z16xxx4_Project.o
SHTC3_testChecksum                                ./source/MKE02Z16xxx4_Project.o
SM_UART_04L_Header                                ./source/MKE02Z16xxx4_Project.o
SM_UART_04L_dataCal                               ./source/MKE02Z16xxx4_Project.o
SM_UART_04L_getData                               ./source/MKE02Z16xxx4_Project.o
SM_UART_04L_modeInit                              ./source/MKE02Z16xxx4_Project.o
SM_UART_04L_testCheckSum                          ./source/MKE02Z16xxx4_Project.o
SPI0_DriverIRQHandler                             ./startup/startup_mke02z4.o
SPI0_IRQHandler                                   ./startup/startup_mke02z4.o
SPI1_DriverIRQHandler                             ./startup/startup_mke02z4.o
SPI1_IRQHandler                                   ./startup/startup_mke02z4.o
SVC_Handler                                       ./startup/startup_mke02z4.o
SysTick_Handler                                   ./startup/startup_mke02z4.o
SystemCoreClock                                   ./device/system_MKE02Z4.o
                                                  ./board/clock_config.o
SystemCoreClockUpdate                             ./device/system_MKE02Z4.o
SystemInit                                        ./device/system_MKE02Z4.o
                                                  ./startup/startup_mke02z4.o
SystemInitHook                                    ./device/system_MKE02Z4.o
UART0_DriverIRQHandler                            ./drivers/fsl_uart.o
                                                  ./startup/startup_mke02z4.o
UART0_IRQHandler                                  ./startup/startup_mke02z4.o
UART0_RX_TX_DriverIRQHandler                      ./drivers/fsl_uart.o
UART0_config                                      ./board/peripherals.o
UART0_init                                        ./board/peripherals.o
UART1_DriverIRQHandler                            ./drivers/fsl_uart.o
                                                  ./startup/startup_mke02z4.o
UART1_IRQHandler                                  ./startup/startup_mke02z4.o
UART1_RX_TX_DriverIRQHandler                      ./drivers/fsl_uart.o
UART1_config                                      ./board/peripherals.o
UART1_init                                        ./board/peripherals.o
UART2_DriverIRQHandler                            ./drivers/fsl_uart.o
                                                  ./startup/startup_mke02z4.o
UART2_IRQHandler                                  ./startup/startup_mke02z4.o
UART2_RX_TX_DriverIRQHandler                      ./drivers/fsl_uart.o
UART_ClearStatusFlags                             ./drivers/fsl_uart.o
UART_Deinit                                       ./drivers/fsl_uart.o
UART_DisableInterrupts                            ./drivers/fsl_uart.o
UART_EnableInterrupts                             ./drivers/fsl_uart.o
UART_GetDefaultConfig                             ./drivers/fsl_uart.o
UART_GetEnabledInterrupts                         ./drivers/fsl_uart.o
UART_GetInstance                                  ./drivers/fsl_uart.o
UART_GetStatusFlags                               ./drivers/fsl_uart.o
UART_Init                                         ./drivers/fsl_uart.o
                                                  ./board/peripherals.o
UART_ReadBlocking                                 ./drivers/fsl_uart.o
                                                  ./source/MKE02Z16xxx4_Project.o
UART_SetBaudRate                                  ./drivers/fsl_uart.o
UART_TransferAbortReceive                         ./drivers/fsl_uart.o
UART_TransferAbortSend                            ./drivers/fsl_uart.o
UART_TransferCreateHandle                         ./drivers/fsl_uart.o
UART_TransferGetReceiveCount                      ./drivers/fsl_uart.o
UART_TransferGetRxRingBufferLength                ./drivers/fsl_uart.o
UART_TransferGetSendCount                         ./drivers/fsl_uart.o
UART_TransferHandleErrorIRQ                       ./drivers/fsl_uart.o
UART_TransferHandleIRQ                            ./drivers/fsl_uart.o
UART_TransferReceiveNonBlocking                   ./drivers/fsl_uart.o
UART_TransferSendNonBlocking                      ./drivers/fsl_uart.o
UART_TransferStartRingBuffer                      ./drivers/fsl_uart.o
UART_TransferStopRingBuffer                       ./drivers/fsl_uart.o
UART_WriteBlocking                                ./drivers/fsl_uart.o
                                                  ./source/MKE02Z16xxx4_Project.o
WDOG_DriverIRQHandler                             ./startup/startup_mke02z4.o
WDOG_IRQHandler                                   ./startup/startup_mke02z4.o
_Csys_alloc                                       c:/softwares/mcuxpressoide/ide/plugins/com.nxp.mcuxpresso.tools.win32_11.1.0.202001081728/tools/bin/../lib/gcc/arm-none-eabi/8.3.1/../../../../arm-none-eabi/lib/thumb/v6-m/nofp\libcr_c.a(alloc.o)
                                                  c:/softwares/mcuxpressoide/ide/plugins/com.nxp.mcuxpresso.tools.win32_11.1.0.202001081728/tools/bin/../lib/gcc/arm-none-eabi/8.3.1/../../../../arm-none-eabi/lib/thumb/v6-m/nofp\libcr_c.a(_deferredlazyseek.o)
_Cwritebuf                                        c:/softwares/mcuxpressoide/ide/plugins/com.nxp.mcuxpresso.tools.win32_11.1.0.202001081728/tools/bin/../lib/gcc/arm-none-eabi/8.3.1/../../../../arm-none-eabi/lib/thumb/v6-m/nofp\libcr_c.a(_writebuf.o)
                                                  c:/softwares/mcuxpressoide/ide/plugins/com.nxp.mcuxpresso.tools.win32_11.1.0.202001081728/tools/bin/../lib/gcc/arm-none-eabi/8.3.1/../../../../arm-none-eabi/lib/thumb/v6-m/nofp\libcr_c.a(_fflush.o)
                                                  c:/softwares/mcuxpressoide/ide/plugins/com.nxp.mcuxpresso.tools.win32_11.1.0.202001081728/tools/bin/../lib/gcc/arm-none-eabi/8.3.1/../../../../arm-none-eabi/lib/thumb/v6-m/nofp\libcr_c.a(_deferredlazyseek.o)
__CR_SEMIHOST                                     c:/softwares/mcuxpressoide/ide/plugins/com.nxp.mcuxpresso.tools.win32_11.1.0.202001081728/tools/bin/../lib/gcc/arm-none-eabi/8.3.1/../../../../arm-none-eabi/lib/thumb/v6-m/nofp\libcr_semihost_nf.a(_cr__main.o)
__Ciob                                            c:/softwares/mcuxpressoide/ide/plugins/com.nxp.mcuxpresso.tools.win32_11.1.0.202001081728/tools/bin/../lib/gcc/arm-none-eabi/8.3.1/../../../../arm-none-eabi/lib/thumb/v6-m/nofp\libcr_semihost_nf.a(__ciob.o)
                                                  c:/softwares/mcuxpressoide/ide/plugins/com.nxp.mcuxpresso.tools.win32_11.1.0.202001081728/tools/bin/../lib/gcc/arm-none-eabi/8.3.1/../../../../arm-none-eabi/lib/thumb/v6-m/nofp\libcr_c.a(fflush.o)
                                                  c:/softwares/mcuxpressoide/ide/plugins/com.nxp.mcuxpresso.tools.win32_11.1.0.202001081728/tools/bin/../lib/gcc/arm-none-eabi/8.3.1/../../../../arm-none-eabi/lib/thumb/v6-m/nofp\libcr_c.a(initio.o)
                                                  c:/softwares/mcuxpressoide/ide/plugins/com.nxp.mcuxpresso.tools.win32_11.1.0.202001081728/tools/bin/../lib/gcc/arm-none-eabi/8.3.1/../../../../arm-none-eabi/lib/thumb/v6-m/nofp\libcr_semihost_nf.a(_cr_assert.o)
__Vectors                                         ./startup/startup_mke02z4.o
__aeabi_cfcmpeq                                   c:/softwares/mcuxpressoide/ide/plugins/com.nxp.mcuxpresso.tools.win32_11.1.0.202001081728/tools/bin/../lib/gcc/arm-none-eabi/8.3.1/thumb/v6-m/nofp\libcr_eabihelpers.a(float.o)
__aeabi_cfcmple                                   c:/softwares/mcuxpressoide/ide/plugins/com.nxp.mcuxpresso.tools.win32_11.1.0.202001081728/tools/bin/../lib/gcc/arm-none-eabi/8.3.1/thumb/v6-m/nofp\libcr_eabihelpers.a(float.o)
__aeabi_cfrcmple                                  c:/softwares/mcuxpressoide/ide/plugins/com.nxp.mcuxpresso.tools.win32_11.1.0.202001081728/tools/bin/../lib/gcc/arm-none-eabi/8.3.1/thumb/v6-m/nofp\libcr_eabihelpers.a(float.o)
__aeabi_f2d                                       c:/softwares/mcuxpressoide/ide/plugins/com.nxp.mcuxpresso.tools.win32_11.1.0.202001081728/tools/bin/../lib/gcc/arm-none-eabi/8.3.1/thumb/v6-m/nofp\libcr_eabihelpers.a(float.o)
__aeabi_f2iz                                      c:/softwares/mcuxpressoide/ide/plugins/com.nxp.mcuxpresso.tools.win32_11.1.0.202001081728/tools/bin/../lib/gcc/arm-none-eabi/8.3.1/thumb/v6-m/nofp\libcr_eabihelpers.a(float.o)
__aeabi_f2lz                                      c:/softwares/mcuxpressoide/ide/plugins/com.nxp.mcuxpresso.tools.win32_11.1.0.202001081728/tools/bin/../lib/gcc/arm-none-eabi/8.3.1/thumb/v6-m/nofp\libcr_eabihelpers.a(float.o)
__aeabi_f2uiz                                     c:/softwares/mcuxpressoide/ide/plugins/com.nxp.mcuxpresso.tools.win32_11.1.0.202001081728/tools/bin/../lib/gcc/arm-none-eabi/8.3.1/thumb/v6-m/nofp\libcr_eabihelpers.a(float.o)
                                                  ./source/MKE02Z16xxx4_Project.o
__aeabi_f2ulz                                     c:/softwares/mcuxpressoide/ide/plugins/com.nxp.mcuxpresso.tools.win32_11.1.0.202001081728/tools/bin/../lib/gcc/arm-none-eabi/8.3.1/thumb/v6-m/nofp\libcr_eabihelpers.a(float.o)
__aeabi_fadd                                      c:/softwares/mcuxpressoide/ide/plugins/com.nxp.mcuxpresso.tools.win32_11.1.0.202001081728/tools/bin/../lib/gcc/arm-none-eabi/8.3.1/thumb/v6-m/nofp\libcr_eabihelpers.a(float.o)
__aeabi_fcmpeq                                    c:/softwares/mcuxpressoide/ide/plugins/com.nxp.mcuxpresso.tools.win32_11.1.0.202001081728/tools/bin/../lib/gcc/arm-none-eabi/8.3.1/thumb/v6-m/nofp\libcr_eabihelpers.a(float.o)
__aeabi_fcmpge                                    c:/softwares/mcuxpressoide/ide/plugins/com.nxp.mcuxpresso.tools.win32_11.1.0.202001081728/tools/bin/../lib/gcc/arm-none-eabi/8.3.1/thumb/v6-m/nofp\libcr_eabihelpers.a(float.o)
__aeabi_fcmpgt                                    c:/softwares/mcuxpressoide/ide/plugins/com.nxp.mcuxpresso.tools.win32_11.1.0.202001081728/tools/bin/../lib/gcc/arm-none-eabi/8.3.1/thumb/v6-m/nofp\libcr_eabihelpers.a(float.o)
__aeabi_fcmple                                    c:/softwares/mcuxpressoide/ide/plugins/com.nxp.mcuxpresso.tools.win32_11.1.0.202001081728/tools/bin/../lib/gcc/arm-none-eabi/8.3.1/thumb/v6-m/nofp\libcr_eabihelpers.a(float.o)
__aeabi_fcmplt                                    c:/softwares/mcuxpressoide/ide/plugins/com.nxp.mcuxpresso.tools.win32_11.1.0.202001081728/tools/bin/../lib/gcc/arm-none-eabi/8.3.1/thumb/v6-m/nofp\libcr_eabihelpers.a(float.o)
__aeabi_fcmpun                                    c:/softwares/mcuxpressoide/ide/plugins/com.nxp.mcuxpresso.tools.win32_11.1.0.202001081728/tools/bin/../lib/gcc/arm-none-eabi/8.3.1/thumb/v6-m/nofp\libcr_eabihelpers.a(float.o)
__aeabi_fdiv                                      c:/softwares/mcuxpressoide/ide/plugins/com.nxp.mcuxpresso.tools.win32_11.1.0.202001081728/tools/bin/../lib/gcc/arm-none-eabi/8.3.1/thumb/v6-m/nofp\libcr_eabihelpers.a(float.o)
                                                  ./source/MKE02Z16xxx4_Project.o
__aeabi_fmul                                      c:/softwares/mcuxpressoide/ide/plugins/com.nxp.mcuxpresso.tools.win32_11.1.0.202001081728/tools/bin/../lib/gcc/arm-none-eabi/8.3.1/thumb/v6-m/nofp\libcr_eabihelpers.a(float.o)
                                                  ./source/MKE02Z16xxx4_Project.o
__aeabi_fneg                                      c:/softwares/mcuxpressoide/ide/plugins/com.nxp.mcuxpresso.tools.win32_11.1.0.202001081728/tools/bin/../lib/gcc/arm-none-eabi/8.3.1/thumb/v6-m/nofp\libcr_eabihelpers.a(float.o)
__aeabi_frsub                                     c:/softwares/mcuxpressoide/ide/plugins/com.nxp.mcuxpresso.tools.win32_11.1.0.202001081728/tools/bin/../lib/gcc/arm-none-eabi/8.3.1/thumb/v6-m/nofp\libcr_eabihelpers.a(float.o)
__aeabi_fsub                                      c:/softwares/mcuxpressoide/ide/plugins/com.nxp.mcuxpresso.tools.win32_11.1.0.202001081728/tools/bin/../lib/gcc/arm-none-eabi/8.3.1/thumb/v6-m/nofp\libcr_eabihelpers.a(float.o)
                                                  ./source/MKE02Z16xxx4_Project.o
__aeabi_i2f                                       c:/softwares/mcuxpressoide/ide/plugins/com.nxp.mcuxpresso.tools.win32_11.1.0.202001081728/tools/bin/../lib/gcc/arm-none-eabi/8.3.1/thumb/v6-m/nofp\libcr_eabihelpers.a(float.o)
                                                  ./source/MKE02Z16xxx4_Project.o
__aeabi_idiv                                      c:/softwares/mcuxpressoide/ide/plugins/com.nxp.mcuxpresso.tools.win32_11.1.0.202001081728/tools/bin/../lib/gcc/arm-none-eabi/8.3.1/thumb/v6-m/nofp\libcr_eabihelpers.a(division_32.o)
__aeabi_idiv0                                     c:/softwares/mcuxpressoide/ide/plugins/com.nxp.mcuxpresso.tools.win32_11.1.0.202001081728/tools/bin/../lib/gcc/arm-none-eabi/8.3.1/thumb/v6-m/nofp\libcr_eabihelpers.a(division_idiv0.o)
                                                  c:/softwares/mcuxpressoide/ide/plugins/com.nxp.mcuxpresso.tools.win32_11.1.0.202001081728/tools/bin/../lib/gcc/arm-none-eabi/8.3.1/thumb/v6-m/nofp\libcr_eabihelpers.a(division_64.o)
                                                  c:/softwares/mcuxpressoide/ide/plugins/com.nxp.mcuxpresso.tools.win32_11.1.0.202001081728/tools/bin/../lib/gcc/arm-none-eabi/8.3.1/thumb/v6-m/nofp\libcr_eabihelpers.a(division_32.o)
__aeabi_idivmod                                   c:/softwares/mcuxpressoide/ide/plugins/com.nxp.mcuxpresso.tools.win32_11.1.0.202001081728/tools/bin/../lib/gcc/arm-none-eabi/8.3.1/thumb/v6-m/nofp\libcr_eabihelpers.a(division_32.o)
__aeabi_l2f                                       c:/softwares/mcuxpressoide/ide/plugins/com.nxp.mcuxpresso.tools.win32_11.1.0.202001081728/tools/bin/../lib/gcc/arm-none-eabi/8.3.1/thumb/v6-m/nofp\libcr_eabihelpers.a(float.o)
__aeabi_lasr                                      c:/softwares/mcuxpressoide/ide/plugins/com.nxp.mcuxpresso.tools.win32_11.1.0.202001081728/tools/bin/../lib/gcc/arm-none-eabi/8.3.1/thumb/v6-m/nofp\libcr_eabihelpers.a(llong.o)
__aeabi_lcmp                                      c:/softwares/mcuxpressoide/ide/plugins/com.nxp.mcuxpresso.tools.win32_11.1.0.202001081728/tools/bin/../lib/gcc/arm-none-eabi/8.3.1/thumb/v6-m/nofp\libcr_eabihelpers.a(llong.o)
__aeabi_ldivmod                                   c:/softwares/mcuxpressoide/ide/plugins/com.nxp.mcuxpresso.tools.win32_11.1.0.202001081728/tools/bin/../lib/gcc/arm-none-eabi/8.3.1/thumb/v6-m/nofp\libcr_eabihelpers.a(division_64.o)
__aeabi_llsl                                      c:/softwares/mcuxpressoide/ide/plugins/com.nxp.mcuxpresso.tools.win32_11.1.0.202001081728/tools/bin/../lib/gcc/arm-none-eabi/8.3.1/thumb/v6-m/nofp\libcr_eabihelpers.a(llong.o)
__aeabi_llsr                                      c:/softwares/mcuxpressoide/ide/plugins/com.nxp.mcuxpresso.tools.win32_11.1.0.202001081728/tools/bin/../lib/gcc/arm-none-eabi/8.3.1/thumb/v6-m/nofp\libcr_eabihelpers.a(llong.o)
__aeabi_lmul                                      c:/softwares/mcuxpressoide/ide/plugins/com.nxp.mcuxpresso.tools.win32_11.1.0.202001081728/tools/bin/../lib/gcc/arm-none-eabi/8.3.1/thumb/v6-m/nofp\libcr_eabihelpers.a(llong.o)
                                                  c:/softwares/mcuxpressoide/ide/plugins/com.nxp.mcuxpresso.tools.win32_11.1.0.202001081728/tools/bin/../lib/gcc/arm-none-eabi/8.3.1/thumb/v6-m/nofp\libcr_eabihelpers.a(float.o)
                                                  ./drivers/fsl_common.o
__aeabi_lowlevel_memset                           c:/softwares/mcuxpressoide/ide/plugins/com.nxp.mcuxpresso.tools.win32_11.1.0.202001081728/tools/bin/../lib/gcc/arm-none-eabi/8.3.1/thumb/v6-m/nofp\libcr_eabihelpers.a(memcpy.o)
                                                  c:/softwares/mcuxpressoide/ide/plugins/com.nxp.mcuxpresso.tools.win32_11.1.0.202001081728/tools/bin/../lib/gcc/arm-none-eabi/8.3.1/../../../../arm-none-eabi/lib/thumb/v6-m/nofp\libcr_c.a(memset.o)
__aeabi_memclr                                    c:/softwares/mcuxpressoide/ide/plugins/com.nxp.mcuxpresso.tools.win32_11.1.0.202001081728/tools/bin/../lib/gcc/arm-none-eabi/8.3.1/thumb/v6-m/nofp\libcr_eabihelpers.a(memcpy.o)
__aeabi_memclr4                                   c:/softwares/mcuxpressoide/ide/plugins/com.nxp.mcuxpresso.tools.win32_11.1.0.202001081728/tools/bin/../lib/gcc/arm-none-eabi/8.3.1/thumb/v6-m/nofp\libcr_eabihelpers.a(memcpy.o)
__aeabi_memclr8                                   c:/softwares/mcuxpressoide/ide/plugins/com.nxp.mcuxpresso.tools.win32_11.1.0.202001081728/tools/bin/../lib/gcc/arm-none-eabi/8.3.1/thumb/v6-m/nofp\libcr_eabihelpers.a(memcpy.o)
__aeabi_memcpy                                    c:/softwares/mcuxpressoide/ide/plugins/com.nxp.mcuxpresso.tools.win32_11.1.0.202001081728/tools/bin/../lib/gcc/arm-none-eabi/8.3.1/thumb/v6-m/nofp\libcr_eabihelpers.a(memcpy.o)
                                                  c:/softwares/mcuxpressoide/ide/plugins/com.nxp.mcuxpresso.tools.win32_11.1.0.202001081728/tools/bin/../lib/gcc/arm-none-eabi/8.3.1/../../../../arm-none-eabi/lib/thumb/v6-m/nofp\libcr_c.a(memcpy.o)
__aeabi_memcpy4                                   c:/softwares/mcuxpressoide/ide/plugins/com.nxp.mcuxpresso.tools.win32_11.1.0.202001081728/tools/bin/../lib/gcc/arm-none-eabi/8.3.1/thumb/v6-m/nofp\libcr_eabihelpers.a(memcpy.o)
__aeabi_memcpy8                                   c:/softwares/mcuxpressoide/ide/plugins/com.nxp.mcuxpresso.tools.win32_11.1.0.202001081728/tools/bin/../lib/gcc/arm-none-eabi/8.3.1/thumb/v6-m/nofp\libcr_eabihelpers.a(memcpy.o)
__aeabi_memmove                                   c:/softwares/mcuxpressoide/ide/plugins/com.nxp.mcuxpresso.tools.win32_11.1.0.202001081728/tools/bin/../lib/gcc/arm-none-eabi/8.3.1/thumb/v6-m/nofp\libcr_eabihelpers.a(memcpy.o)
__aeabi_memmove4                                  c:/softwares/mcuxpressoide/ide/plugins/com.nxp.mcuxpresso.tools.win32_11.1.0.202001081728/tools/bin/../lib/gcc/arm-none-eabi/8.3.1/thumb/v6-m/nofp\libcr_eabihelpers.a(memcpy.o)
__aeabi_memmove8                                  c:/softwares/mcuxpressoide/ide/plugins/com.nxp.mcuxpresso.tools.win32_11.1.0.202001081728/tools/bin/../lib/gcc/arm-none-eabi/8.3.1/thumb/v6-m/nofp\libcr_eabihelpers.a(memcpy.o)
__aeabi_memset                                    c:/softwares/mcuxpressoide/ide/plugins/com.nxp.mcuxpresso.tools.win32_11.1.0.202001081728/tools/bin/../lib/gcc/arm-none-eabi/8.3.1/thumb/v6-m/nofp\libcr_eabihelpers.a(memcpy.o)
__aeabi_memset4                                   c:/softwares/mcuxpressoide/ide/plugins/com.nxp.mcuxpresso.tools.win32_11.1.0.202001081728/tools/bin/../lib/gcc/arm-none-eabi/8.3.1/thumb/v6-m/nofp\libcr_eabihelpers.a(memcpy.o)
__aeabi_memset8                                   c:/softwares/mcuxpressoide/ide/plugins/com.nxp.mcuxpresso.tools.win32_11.1.0.202001081728/tools/bin/../lib/gcc/arm-none-eabi/8.3.1/thumb/v6-m/nofp\libcr_eabihelpers.a(memcpy.o)
__aeabi_ui2f                                      c:/softwares/mcuxpressoide/ide/plugins/com.nxp.mcuxpresso.tools.win32_11.1.0.202001081728/tools/bin/../lib/gcc/arm-none-eabi/8.3.1/thumb/v6-m/nofp\libcr_eabihelpers.a(float.o)
__aeabi_uidiv                                     c:/softwares/mcuxpressoide/ide/plugins/com.nxp.mcuxpresso.tools.win32_11.1.0.202001081728/tools/bin/../lib/gcc/arm-none-eabi/8.3.1/thumb/v6-m/nofp\libcr_eabihelpers.a(division_32.o)
                                                  ./device/system_MKE02Z4.o
                                                  ./drivers/fsl_uart.o
                                                  ./drivers/fsl_i2c.o
                                                  ./drivers/fsl_clock.o
                                                  ./source/MKE02Z16xxx4_Project.o
__aeabi_uidivmod                                  c:/softwares/mcuxpressoide/ide/plugins/com.nxp.mcuxpresso.tools.win32_11.1.0.202001081728/tools/bin/../lib/gcc/arm-none-eabi/8.3.1/thumb/v6-m/nofp\libcr_eabihelpers.a(division_32.o)
                                                  ./source/MKE02Z16xxx4_Project.o
__aeabi_ul2f                                      c:/softwares/mcuxpressoide/ide/plugins/com.nxp.mcuxpresso.tools.win32_11.1.0.202001081728/tools/bin/../lib/gcc/arm-none-eabi/8.3.1/thumb/v6-m/nofp\libcr_eabihelpers.a(float.o)
__aeabi_ulcmp                                     c:/softwares/mcuxpressoide/ide/plugins/com.nxp.mcuxpresso.tools.win32_11.1.0.202001081728/tools/bin/../lib/gcc/arm-none-eabi/8.3.1/thumb/v6-m/nofp\libcr_eabihelpers.a(llong.o)
__aeabi_uldivmod                                  c:/softwares/mcuxpressoide/ide/plugins/com.nxp.mcuxpresso.tools.win32_11.1.0.202001081728/tools/bin/../lib/gcc/arm-none-eabi/8.3.1/thumb/v6-m/nofp\libcr_eabihelpers.a(division_64.o)
                                                  ./drivers/fsl_common.o
__assertion_failed                                c:/softwares/mcuxpressoide/ide/plugins/com.nxp.mcuxpresso.tools.win32_11.1.0.202001081728/tools/bin/../lib/gcc/arm-none-eabi/8.3.1/../../../../arm-none-eabi/lib/thumb/v6-m/nofp\libcr_semihost_nf.a(_cr_assert.o)
                                                  ./drivers/fsl_uart.o
                                                  ./drivers/fsl_i2c.o
                                                  ./drivers/fsl_gpio.o
                                                  ./drivers/fsl_common.o
                                                  ./drivers/fsl_clock.o
__bhs_ui2f                                        c:/softwares/mcuxpressoide/ide/plugins/com.nxp.mcuxpresso.tools.win32_11.1.0.202001081728/tools/bin/../lib/gcc/arm-none-eabi/8.3.1/thumb/v6-m/nofp\libcr_eabihelpers.a(float.o)
__bhs_ul2f                                        c:/softwares/mcuxpressoide/ide/plugins/com.nxp.mcuxpresso.tools.win32_11.1.0.202001081728/tools/bin/../lib/gcc/arm-none-eabi/8.3.1/thumb/v6-m/nofp\libcr_eabihelpers.a(float.o)
__bss_section_table_end                           ./startup/startup_mke02z4.o
__check_heap_overflow                             c:/softwares/mcuxpressoide/ide/plugins/com.nxp.mcuxpresso.tools.win32_11.1.0.202001081728/tools/bin/../lib/gcc/arm-none-eabi/8.3.1/../../../../arm-none-eabi/lib/thumb/v6-m/nofp\libcr_c.a(_cr_check_heap.o)